Archive member included to satisfy reference by file (symbol)

d:/usr/embitz/1.11/share/em_armgcc/bin/../lib/gcc/arm-none-eabi/5.4.1/../../../../arm-none-eabi/lib/armv7-m\libg_n.a(lib_a-exit.o)
                              d:/usr/embitz/1.11/share/em_armgcc/bin/../lib/gcc/arm-none-eabi/5.4.1/../../../../arm-none-eabi/lib/armv7-m/crt0.o (exit)
d:/usr/embitz/1.11/share/em_armgcc/bin/../lib/gcc/arm-none-eabi/5.4.1/../../../../arm-none-eabi/lib/armv7-m\libg_n.a(lib_a-impure.o)
                              d:/usr/embitz/1.11/share/em_armgcc/bin/../lib/gcc/arm-none-eabi/5.4.1/../../../../arm-none-eabi/lib/armv7-m\libg_n.a(lib_a-exit.o) (_global_impure_ptr)
d:/usr/embitz/1.11/share/em_armgcc/bin/../lib/gcc/arm-none-eabi/5.4.1/../../../../arm-none-eabi/lib/armv7-m\libg_n.a(lib_a-init.o)
                              d:/usr/embitz/1.11/share/em_armgcc/bin/../lib/gcc/arm-none-eabi/5.4.1/../../../../arm-none-eabi/lib/armv7-m/crt0.o (__libc_init_array)
d:/usr/embitz/1.11/share/em_armgcc/bin/../lib/gcc/arm-none-eabi/5.4.1/../../../../arm-none-eabi/lib/armv7-m\libg_n.a(lib_a-memset.o)
                              d:/usr/embitz/1.11/share/em_armgcc/bin/../lib/gcc/arm-none-eabi/5.4.1/../../../../arm-none-eabi/lib/armv7-m/crt0.o (memset)
d:/usr/embitz/1.11/share/em_armgcc/bin/../lib/gcc/arm-none-eabi/5.4.1/../../../../arm-none-eabi/lib/armv7-m\libg_n.a(lib_a-printf.o)
                              obj\debug\src\main.o (printf)
d:/usr/embitz/1.11/share/em_armgcc/bin/../lib/gcc/arm-none-eabi/5.4.1/../../../../arm-none-eabi/lib/armv7-m\libg_n.a(lib_a-puts.o)
                              obj\debug\src\main.o (puts)
d:/usr/embitz/1.11/share/em_armgcc/bin/../lib/gcc/arm-none-eabi/5.4.1/../../../../arm-none-eabi/lib/armv7-m\libg_n.a(lib_a-wbuf.o)
                              d:/usr/embitz/1.11/share/em_armgcc/bin/../lib/gcc/arm-none-eabi/5.4.1/../../../../arm-none-eabi/lib/armv7-m\libg_n.a(lib_a-puts.o) (__swbuf_r)
d:/usr/embitz/1.11/share/em_armgcc/bin/../lib/gcc/arm-none-eabi/5.4.1/../../../../arm-none-eabi/lib/armv7-m\libg_n.a(lib_a-wsetup.o)
                              d:/usr/embitz/1.11/share/em_armgcc/bin/../lib/gcc/arm-none-eabi/5.4.1/../../../../arm-none-eabi/lib/armv7-m\libg_n.a(lib_a-puts.o) (__swsetup_r)
d:/usr/embitz/1.11/share/em_armgcc/bin/../lib/gcc/arm-none-eabi/5.4.1/../../../../arm-none-eabi/lib/armv7-m\libg_n.a(lib_a-fflush.o)
                              d:/usr/embitz/1.11/share/em_armgcc/bin/../lib/gcc/arm-none-eabi/5.4.1/../../../../arm-none-eabi/lib/armv7-m\libg_n.a(lib_a-wbuf.o) (_fflush_r)
d:/usr/embitz/1.11/share/em_armgcc/bin/../lib/gcc/arm-none-eabi/5.4.1/../../../../arm-none-eabi/lib/armv7-m\libg_n.a(lib_a-findfp.o)
                              d:/usr/embitz/1.11/share/em_armgcc/bin/../lib/gcc/arm-none-eabi/5.4.1/../../../../arm-none-eabi/lib/armv7-m\libg_n.a(lib_a-printf.o) (__sinit)
d:/usr/embitz/1.11/share/em_armgcc/bin/../lib/gcc/arm-none-eabi/5.4.1/../../../../arm-none-eabi/lib/armv7-m\libg_n.a(lib_a-fwalk.o)
                              d:/usr/embitz/1.11/share/em_armgcc/bin/../lib/gcc/arm-none-eabi/5.4.1/../../../../arm-none-eabi/lib/armv7-m\libg_n.a(lib_a-findfp.o) (_fwalk)
d:/usr/embitz/1.11/share/em_armgcc/bin/../lib/gcc/arm-none-eabi/5.4.1/../../../../arm-none-eabi/lib/armv7-m\libg_n.a(lib_a-makebuf.o)
                              d:/usr/embitz/1.11/share/em_armgcc/bin/../lib/gcc/arm-none-eabi/5.4.1/../../../../arm-none-eabi/lib/armv7-m\libg_n.a(lib_a-wsetup.o) (__smakebuf_r)
d:/usr/embitz/1.11/share/em_armgcc/bin/../lib/gcc/arm-none-eabi/5.4.1/../../../../arm-none-eabi/lib/armv7-m\libg_n.a(lib_a-nano-freer.o)
                              d:/usr/embitz/1.11/share/em_armgcc/bin/../lib/gcc/arm-none-eabi/5.4.1/../../../../arm-none-eabi/lib/armv7-m\libg_n.a(lib_a-wsetup.o) (_free_r)
d:/usr/embitz/1.11/share/em_armgcc/bin/../lib/gcc/arm-none-eabi/5.4.1/../../../../arm-none-eabi/lib/armv7-m\libg_n.a(lib_a-nano-mallocr.o)
                              d:/usr/embitz/1.11/share/em_armgcc/bin/../lib/gcc/arm-none-eabi/5.4.1/../../../../arm-none-eabi/lib/armv7-m\libg_n.a(lib_a-findfp.o) (_malloc_r)
d:/usr/embitz/1.11/share/em_armgcc/bin/../lib/gcc/arm-none-eabi/5.4.1/../../../../arm-none-eabi/lib/armv7-m\libg_n.a(lib_a-nano-vfprintf.o)
                              d:/usr/embitz/1.11/share/em_armgcc/bin/../lib/gcc/arm-none-eabi/5.4.1/../../../../arm-none-eabi/lib/armv7-m\libg_n.a(lib_a-printf.o) (_vfprintf_r)
d:/usr/embitz/1.11/share/em_armgcc/bin/../lib/gcc/arm-none-eabi/5.4.1/../../../../arm-none-eabi/lib/armv7-m\libg_n.a(lib_a-nano-vfprintf_i.o)
                              d:/usr/embitz/1.11/share/em_armgcc/bin/../lib/gcc/arm-none-eabi/5.4.1/../../../../arm-none-eabi/lib/armv7-m\libg_n.a(lib_a-nano-vfprintf.o) (_printf_i)
d:/usr/embitz/1.11/share/em_armgcc/bin/../lib/gcc/arm-none-eabi/5.4.1/../../../../arm-none-eabi/lib/armv7-m\libg_n.a(lib_a-sbrkr.o)
                              d:/usr/embitz/1.11/share/em_armgcc/bin/../lib/gcc/arm-none-eabi/5.4.1/../../../../arm-none-eabi/lib/armv7-m\libg_n.a(lib_a-nano-mallocr.o) (_sbrk_r)
d:/usr/embitz/1.11/share/em_armgcc/bin/../lib/gcc/arm-none-eabi/5.4.1/../../../../arm-none-eabi/lib/armv7-m\libg_n.a(lib_a-stdio.o)
                              d:/usr/embitz/1.11/share/em_armgcc/bin/../lib/gcc/arm-none-eabi/5.4.1/../../../../arm-none-eabi/lib/armv7-m\libg_n.a(lib_a-findfp.o) (__sread)
d:/usr/embitz/1.11/share/em_armgcc/bin/../lib/gcc/arm-none-eabi/5.4.1/../../../../arm-none-eabi/lib/armv7-m\libg_n.a(lib_a-writer.o)
                              d:/usr/embitz/1.11/share/em_armgcc/bin/../lib/gcc/arm-none-eabi/5.4.1/../../../../arm-none-eabi/lib/armv7-m\libg_n.a(lib_a-stdio.o) (_write_r)
d:/usr/embitz/1.11/share/em_armgcc/bin/../lib/gcc/arm-none-eabi/5.4.1/../../../../arm-none-eabi/lib/armv7-m\libg_n.a(lib_a-closer.o)
                              d:/usr/embitz/1.11/share/em_armgcc/bin/../lib/gcc/arm-none-eabi/5.4.1/../../../../arm-none-eabi/lib/armv7-m\libg_n.a(lib_a-stdio.o) (_close_r)
d:/usr/embitz/1.11/share/em_armgcc/bin/../lib/gcc/arm-none-eabi/5.4.1/../../../../arm-none-eabi/lib/armv7-m\libg_n.a(lib_a-fstatr.o)
                              d:/usr/embitz/1.11/share/em_armgcc/bin/../lib/gcc/arm-none-eabi/5.4.1/../../../../arm-none-eabi/lib/armv7-m\libg_n.a(lib_a-makebuf.o) (_fstat_r)
d:/usr/embitz/1.11/share/em_armgcc/bin/../lib/gcc/arm-none-eabi/5.4.1/../../../../arm-none-eabi/lib/armv7-m\libg_n.a(lib_a-fvwrite.o)
                              d:/usr/embitz/1.11/share/em_armgcc/bin/../lib/gcc/arm-none-eabi/5.4.1/../../../../arm-none-eabi/lib/armv7-m\libg_n.a(lib_a-nano-vfprintf.o) (__sfvwrite_r)
d:/usr/embitz/1.11/share/em_armgcc/bin/../lib/gcc/arm-none-eabi/5.4.1/../../../../arm-none-eabi/lib/armv7-m\libg_n.a(lib_a-isattyr.o)
                              d:/usr/embitz/1.11/share/em_armgcc/bin/../lib/gcc/arm-none-eabi/5.4.1/../../../../arm-none-eabi/lib/armv7-m\libg_n.a(lib_a-makebuf.o) (_isatty_r)
d:/usr/embitz/1.11/share/em_armgcc/bin/../lib/gcc/arm-none-eabi/5.4.1/../../../../arm-none-eabi/lib/armv7-m\libg_n.a(lib_a-lseekr.o)
                              d:/usr/embitz/1.11/share/em_armgcc/bin/../lib/gcc/arm-none-eabi/5.4.1/../../../../arm-none-eabi/lib/armv7-m\libg_n.a(lib_a-stdio.o) (_lseek_r)
d:/usr/embitz/1.11/share/em_armgcc/bin/../lib/gcc/arm-none-eabi/5.4.1/../../../../arm-none-eabi/lib/armv7-m\libg_n.a(lib_a-memchr-stub.o)
                              d:/usr/embitz/1.11/share/em_armgcc/bin/../lib/gcc/arm-none-eabi/5.4.1/../../../../arm-none-eabi/lib/armv7-m\libg_n.a(lib_a-nano-vfprintf.o) (memchr)
d:/usr/embitz/1.11/share/em_armgcc/bin/../lib/gcc/arm-none-eabi/5.4.1/../../../../arm-none-eabi/lib/armv7-m\libg_n.a(lib_a-memcpy-stub.o)
                              d:/usr/embitz/1.11/share/em_armgcc/bin/../lib/gcc/arm-none-eabi/5.4.1/../../../../arm-none-eabi/lib/armv7-m\libg_n.a(lib_a-fvwrite.o) (memcpy)
d:/usr/embitz/1.11/share/em_armgcc/bin/../lib/gcc/arm-none-eabi/5.4.1/../../../../arm-none-eabi/lib/armv7-m\libg_n.a(lib_a-memmove.o)
                              d:/usr/embitz/1.11/share/em_armgcc/bin/../lib/gcc/arm-none-eabi/5.4.1/../../../../arm-none-eabi/lib/armv7-m\libg_n.a(lib_a-fvwrite.o) (memmove)
d:/usr/embitz/1.11/share/em_armgcc/bin/../lib/gcc/arm-none-eabi/5.4.1/../../../../arm-none-eabi/lib/armv7-m\libg_n.a(lib_a-mlock.o)
                              d:/usr/embitz/1.11/share/em_armgcc/bin/../lib/gcc/arm-none-eabi/5.4.1/../../../../arm-none-eabi/lib/armv7-m\libg_n.a(lib_a-nano-freer.o) (__malloc_lock)
d:/usr/embitz/1.11/share/em_armgcc/bin/../lib/gcc/arm-none-eabi/5.4.1/../../../../arm-none-eabi/lib/armv7-m\libg_n.a(lib_a-nano-reallocr.o)
                              d:/usr/embitz/1.11/share/em_armgcc/bin/../lib/gcc/arm-none-eabi/5.4.1/../../../../arm-none-eabi/lib/armv7-m\libg_n.a(lib_a-fvwrite.o) (_realloc_r)
d:/usr/embitz/1.11/share/em_armgcc/bin/../lib/gcc/arm-none-eabi/5.4.1/../../../../arm-none-eabi/lib/armv7-m\libg_n.a(lib_a-readr.o)
                              d:/usr/embitz/1.11/share/em_armgcc/bin/../lib/gcc/arm-none-eabi/5.4.1/../../../../arm-none-eabi/lib/armv7-m\libg_n.a(lib_a-stdio.o) (_read_r)
d:/usr/embitz/1.11/share/em_armgcc/bin/../lib/gcc/arm-none-eabi/5.4.1/../../../../arm-none-eabi/lib/armv7-m\libg_n.a(lib_a-reent.o)
                              d:/usr/embitz/1.11/share/em_armgcc/bin/../lib/gcc/arm-none-eabi/5.4.1/../../../../arm-none-eabi/lib/armv7-m\libg_n.a(lib_a-sbrkr.o) (errno)
d:/usr/embitz/1.11/share/em_armgcc/bin/../lib/gcc/arm-none-eabi/5.4.1/../../../../arm-none-eabi/lib/armv7-m\libg_n.a(lib_a-nano-msizer.o)
                              d:/usr/embitz/1.11/share/em_armgcc/bin/../lib/gcc/arm-none-eabi/5.4.1/../../../../arm-none-eabi/lib/armv7-m\libg_n.a(lib_a-nano-reallocr.o) (_malloc_usable_size_r)
d:/usr/embitz/1.11/share/em_armgcc/bin/../lib/gcc/arm-none-eabi/5.4.1/../../../../arm-none-eabi/lib/armv7-m\libnosys_s.a(close.o)
                              d:/usr/embitz/1.11/share/em_armgcc/bin/../lib/gcc/arm-none-eabi/5.4.1/../../../../arm-none-eabi/lib/armv7-m\libg_n.a(lib_a-closer.o) (_close)
d:/usr/embitz/1.11/share/em_armgcc/bin/../lib/gcc/arm-none-eabi/5.4.1/../../../../arm-none-eabi/lib/armv7-m\libnosys_s.a(fstat.o)
                              d:/usr/embitz/1.11/share/em_armgcc/bin/../lib/gcc/arm-none-eabi/5.4.1/../../../../arm-none-eabi/lib/armv7-m\libg_n.a(lib_a-fstatr.o) (_fstat)
d:/usr/embitz/1.11/share/em_armgcc/bin/../lib/gcc/arm-none-eabi/5.4.1/../../../../arm-none-eabi/lib/armv7-m\libnosys_s.a(isatty.o)
                              d:/usr/embitz/1.11/share/em_armgcc/bin/../lib/gcc/arm-none-eabi/5.4.1/../../../../arm-none-eabi/lib/armv7-m\libg_n.a(lib_a-isattyr.o) (_isatty)
d:/usr/embitz/1.11/share/em_armgcc/bin/../lib/gcc/arm-none-eabi/5.4.1/../../../../arm-none-eabi/lib/armv7-m\libnosys_s.a(lseek.o)
                              d:/usr/embitz/1.11/share/em_armgcc/bin/../lib/gcc/arm-none-eabi/5.4.1/../../../../arm-none-eabi/lib/armv7-m\libg_n.a(lib_a-lseekr.o) (_lseek)
d:/usr/embitz/1.11/share/em_armgcc/bin/../lib/gcc/arm-none-eabi/5.4.1/../../../../arm-none-eabi/lib/armv7-m\libnosys_s.a(read.o)
                              d:/usr/embitz/1.11/share/em_armgcc/bin/../lib/gcc/arm-none-eabi/5.4.1/../../../../arm-none-eabi/lib/armv7-m\libg_n.a(lib_a-readr.o) (_read)
d:/usr/embitz/1.11/share/em_armgcc/bin/../lib/gcc/arm-none-eabi/5.4.1/../../../../arm-none-eabi/lib/armv7-m\libnosys_s.a(sbrk.o)
                              d:/usr/embitz/1.11/share/em_armgcc/bin/../lib/gcc/arm-none-eabi/5.4.1/../../../../arm-none-eabi/lib/armv7-m\libg_n.a(lib_a-sbrkr.o) (_sbrk)
d:/usr/embitz/1.11/share/em_armgcc/bin/../lib/gcc/arm-none-eabi/5.4.1/../../../../arm-none-eabi/lib/armv7-m\libnosys_s.a(write.o)
                              d:/usr/embitz/1.11/share/em_armgcc/bin/../lib/gcc/arm-none-eabi/5.4.1/../../../../arm-none-eabi/lib/armv7-m\libg_n.a(lib_a-writer.o) (_write)
d:/usr/embitz/1.11/share/em_armgcc/bin/../lib/gcc/arm-none-eabi/5.4.1/../../../../arm-none-eabi/lib/armv7-m\libnosys_s.a(_exit.o)
                              d:/usr/embitz/1.11/share/em_armgcc/bin/../lib/gcc/arm-none-eabi/5.4.1/../../../../arm-none-eabi/lib/armv7-m\libg_n.a(lib_a-exit.o) (_exit)

Allocating common symbols
Common symbol       size              file

errno               0x4               d:/usr/embitz/1.11/share/em_armgcc/bin/../lib/gcc/arm-none-eabi/5.4.1/../../../../arm-none-eabi/lib/armv7-m\libg_n.a(lib_a-reent.o)

Discarded input sections

 .text          0x00000000        0x0 d:/usr/embitz/1.11/share/em_armgcc/bin/../lib/gcc/arm-none-eabi/5.4.1/armv7-m/crti.o
 .data          0x00000000        0x0 d:/usr/embitz/1.11/share/em_armgcc/bin/../lib/gcc/arm-none-eabi/5.4.1/armv7-m/crti.o
 .bss           0x00000000        0x0 d:/usr/embitz/1.11/share/em_armgcc/bin/../lib/gcc/arm-none-eabi/5.4.1/armv7-m/crti.o
 .data          0x00000000        0x4 d:/usr/embitz/1.11/share/em_armgcc/bin/../lib/gcc/arm-none-eabi/5.4.1/armv7-m/crtbegin.o
 .data          0x00000000        0x0 d:/usr/embitz/1.11/share/em_armgcc/bin/../lib/gcc/arm-none-eabi/5.4.1/../../../../arm-none-eabi/lib/armv7-m/crt0.o
 .bss           0x00000000        0x0 d:/usr/embitz/1.11/share/em_armgcc/bin/../lib/gcc/arm-none-eabi/5.4.1/../../../../arm-none-eabi/lib/armv7-m/crt0.o
 .ARM.extab     0x00000000        0x0 d:/usr/embitz/1.11/share/em_armgcc/bin/../lib/gcc/arm-none-eabi/5.4.1/../../../../arm-none-eabi/lib/armv7-m/crt0.o
 .data          0x00000000        0x0 obj\debug\src\startup_stm32f10x_md.o
 .bss           0x00000000        0x0 obj\debug\src\startup_stm32f10x_md.o
 .group         0x00000000        0x8 obj\debug\src\system_stm32f10x.o
 .group         0x00000000        0x8 obj\debug\src\system_stm32f10x.o
 .group         0x00000000        0x8 obj\debug\src\system_stm32f10x.o
 .group         0x00000000        0x8 obj\debug\src\system_stm32f10x.o
 .group         0x00000000        0x8 obj\debug\src\system_stm32f10x.o
 .group         0x00000000        0x8 obj\debug\src\system_stm32f10x.o
 .group         0x00000000        0x8 obj\debug\src\system_stm32f10x.o
 .group         0x00000000        0x8 obj\debug\src\system_stm32f10x.o
 .group         0x00000000        0x8 obj\debug\src\system_stm32f10x.o
 .group         0x00000000        0x8 obj\debug\src\system_stm32f10x.o
 .group         0x00000000        0x8 obj\debug\src\system_stm32f10x.o
 .group         0x00000000        0x8 obj\debug\src\system_stm32f10x.o
 .text          0x00000000        0x0 obj\debug\src\system_stm32f10x.o
 .data          0x00000000        0x0 obj\debug\src\system_stm32f10x.o
 .bss           0x00000000        0x0 obj\debug\src\system_stm32f10x.o
 .data.SystemCoreClock
                0x00000000        0x4 obj\debug\src\system_stm32f10x.o
 .data.AHBPrescTable
                0x00000000       0x10 obj\debug\src\system_stm32f10x.o
 .text.SystemCoreClockUpdate
                0x00000000       0xd8 obj\debug\src\system_stm32f10x.o
 .group         0x00000000        0x8 obj\debug\src\main.o
 .group         0x00000000        0x8 obj\debug\src\main.o
 .group         0x00000000        0x8 obj\debug\src\main.o
 .group         0x00000000        0x8 obj\debug\src\main.o
 .group         0x00000000        0x8 obj\debug\src\main.o
 .group         0x00000000        0x8 obj\debug\src\main.o
 .group         0x00000000        0x8 obj\debug\src\main.o
 .group         0x00000000        0x8 obj\debug\src\main.o
 .group         0x00000000        0x8 obj\debug\src\main.o
 .group         0x00000000        0x8 obj\debug\src\main.o
 .group         0x00000000        0x8 obj\debug\src\main.o
 .group         0x00000000        0x8 obj\debug\src\main.o
 .group         0x00000000        0x8 obj\debug\src\main.o
 .group         0x00000000        0x8 obj\debug\src\main.o
 .group         0x00000000        0x8 obj\debug\src\main.o
 .group         0x00000000        0x8 obj\debug\src\main.o
 .group         0x00000000        0x8 obj\debug\src\main.o
 .group         0x00000000        0x8 obj\debug\src\main.o
 .group         0x00000000        0x8 obj\debug\src\main.o
 .group         0x00000000        0x8 obj\debug\src\main.o
 .group         0x00000000        0x8 obj\debug\src\main.o
 .group         0x00000000        0x8 obj\debug\src\main.o
 .group         0x00000000        0x8 obj\debug\src\main.o
 .group         0x00000000        0x8 obj\debug\src\main.o
 .group         0x00000000        0x8 obj\debug\src\main.o
 .group         0x00000000        0x8 obj\debug\src\main.o
 .group         0x00000000        0x8 obj\debug\src\main.o
 .text          0x00000000        0x0 obj\debug\src\main.o
 .data          0x00000000        0x0 obj\debug\src\main.o
 .bss           0x00000000        0x0 obj\debug\src\main.o
 .debug_macro   0x00000000      0x880 obj\debug\src\main.o
 .debug_macro   0x00000000       0x22 obj\debug\src\main.o
 .debug_macro   0x00000000       0x5e obj\debug\src\main.o
 .text          0x00000000        0x0 d:/usr/embitz/1.11/share/em_armgcc/bin/../lib/gcc/arm-none-eabi/5.4.1/../../../../arm-none-eabi/lib/armv7-m\libg_n.a(lib_a-exit.o)
 .data          0x00000000        0x0 d:/usr/embitz/1.11/share/em_armgcc/bin/../lib/gcc/arm-none-eabi/5.4.1/../../../../arm-none-eabi/lib/armv7-m\libg_n.a(lib_a-exit.o)
 .bss           0x00000000        0x0 d:/usr/embitz/1.11/share/em_armgcc/bin/../lib/gcc/arm-none-eabi/5.4.1/../../../../arm-none-eabi/lib/armv7-m\libg_n.a(lib_a-exit.o)
 .text          0x00000000        0x0 d:/usr/embitz/1.11/share/em_armgcc/bin/../lib/gcc/arm-none-eabi/5.4.1/../../../../arm-none-eabi/lib/armv7-m\libg_n.a(lib_a-impure.o)
 .data          0x00000000        0x0 d:/usr/embitz/1.11/share/em_armgcc/bin/../lib/gcc/arm-none-eabi/5.4.1/../../../../arm-none-eabi/lib/armv7-m\libg_n.a(lib_a-impure.o)
 .bss           0x00000000        0x0 d:/usr/embitz/1.11/share/em_armgcc/bin/../lib/gcc/arm-none-eabi/5.4.1/../../../../arm-none-eabi/lib/armv7-m\libg_n.a(lib_a-impure.o)
 .text          0x00000000        0x0 d:/usr/embitz/1.11/share/em_armgcc/bin/../lib/gcc/arm-none-eabi/5.4.1/../../../../arm-none-eabi/lib/armv7-m\libg_n.a(lib_a-init.o)
 .data          0x00000000        0x0 d:/usr/embitz/1.11/share/em_armgcc/bin/../lib/gcc/arm-none-eabi/5.4.1/../../../../arm-none-eabi/lib/armv7-m\libg_n.a(lib_a-init.o)
 .bss           0x00000000        0x0 d:/usr/embitz/1.11/share/em_armgcc/bin/../lib/gcc/arm-none-eabi/5.4.1/../../../../arm-none-eabi/lib/armv7-m\libg_n.a(lib_a-init.o)
 .text          0x00000000        0x0 d:/usr/embitz/1.11/share/em_armgcc/bin/../lib/gcc/arm-none-eabi/5.4.1/../../../../arm-none-eabi/lib/armv7-m\libg_n.a(lib_a-memset.o)
 .data          0x00000000        0x0 d:/usr/embitz/1.11/share/em_armgcc/bin/../lib/gcc/arm-none-eabi/5.4.1/../../../../arm-none-eabi/lib/armv7-m\libg_n.a(lib_a-memset.o)
 .bss           0x00000000        0x0 d:/usr/embitz/1.11/share/em_armgcc/bin/../lib/gcc/arm-none-eabi/5.4.1/../../../../arm-none-eabi/lib/armv7-m\libg_n.a(lib_a-memset.o)
 .text          0x00000000        0x0 d:/usr/embitz/1.11/share/em_armgcc/bin/../lib/gcc/arm-none-eabi/5.4.1/../../../../arm-none-eabi/lib/armv7-m\libg_n.a(lib_a-printf.o)
 .data          0x00000000        0x0 d:/usr/embitz/1.11/share/em_armgcc/bin/../lib/gcc/arm-none-eabi/5.4.1/../../../../arm-none-eabi/lib/armv7-m\libg_n.a(lib_a-printf.o)
 .bss           0x00000000        0x0 d:/usr/embitz/1.11/share/em_armgcc/bin/../lib/gcc/arm-none-eabi/5.4.1/../../../../arm-none-eabi/lib/armv7-m\libg_n.a(lib_a-printf.o)
 .text._printf_r
                0x00000000       0x28 d:/usr/embitz/1.11/share/em_armgcc/bin/../lib/gcc/arm-none-eabi/5.4.1/../../../../arm-none-eabi/lib/armv7-m\libg_n.a(lib_a-printf.o)
 .text          0x00000000        0x0 d:/usr/embitz/1.11/share/em_armgcc/bin/../lib/gcc/arm-none-eabi/5.4.1/../../../../arm-none-eabi/lib/armv7-m\libg_n.a(lib_a-puts.o)
 .data          0x00000000        0x0 d:/usr/embitz/1.11/share/em_armgcc/bin/../lib/gcc/arm-none-eabi/5.4.1/../../../../arm-none-eabi/lib/armv7-m\libg_n.a(lib_a-puts.o)
 .bss           0x00000000        0x0 d:/usr/embitz/1.11/share/em_armgcc/bin/../lib/gcc/arm-none-eabi/5.4.1/../../../../arm-none-eabi/lib/armv7-m\libg_n.a(lib_a-puts.o)
 .text          0x00000000        0x0 d:/usr/embitz/1.11/share/em_armgcc/bin/../lib/gcc/arm-none-eabi/5.4.1/../../../../arm-none-eabi/lib/armv7-m\libg_n.a(lib_a-wbuf.o)
 .data          0x00000000        0x0 d:/usr/embitz/1.11/share/em_armgcc/bin/../lib/gcc/arm-none-eabi/5.4.1/../../../../arm-none-eabi/lib/armv7-m\libg_n.a(lib_a-wbuf.o)
 .bss           0x00000000        0x0 d:/usr/embitz/1.11/share/em_armgcc/bin/../lib/gcc/arm-none-eabi/5.4.1/../../../../arm-none-eabi/lib/armv7-m\libg_n.a(lib_a-wbuf.o)
 .text.__swbuf  0x00000000       0x10 d:/usr/embitz/1.11/share/em_armgcc/bin/../lib/gcc/arm-none-eabi/5.4.1/../../../../arm-none-eabi/lib/armv7-m\libg_n.a(lib_a-wbuf.o)
 .text          0x00000000        0x0 d:/usr/embitz/1.11/share/em_armgcc/bin/../lib/gcc/arm-none-eabi/5.4.1/../../../../arm-none-eabi/lib/armv7-m\libg_n.a(lib_a-wsetup.o)
 .data          0x00000000        0x0 d:/usr/embitz/1.11/share/em_armgcc/bin/../lib/gcc/arm-none-eabi/5.4.1/../../../../arm-none-eabi/lib/armv7-m\libg_n.a(lib_a-wsetup.o)
 .bss           0x00000000        0x0 d:/usr/embitz/1.11/share/em_armgcc/bin/../lib/gcc/arm-none-eabi/5.4.1/../../../../arm-none-eabi/lib/armv7-m\libg_n.a(lib_a-wsetup.o)
 .text          0x00000000        0x0 d:/usr/embitz/1.11/share/em_armgcc/bin/../lib/gcc/arm-none-eabi/5.4.1/../../../../arm-none-eabi/lib/armv7-m\libg_n.a(lib_a-fflush.o)
 .data          0x00000000        0x0 d:/usr/embitz/1.11/share/em_armgcc/bin/../lib/gcc/arm-none-eabi/5.4.1/../../../../arm-none-eabi/lib/armv7-m\libg_n.a(lib_a-fflush.o)
 .bss           0x00000000        0x0 d:/usr/embitz/1.11/share/em_armgcc/bin/../lib/gcc/arm-none-eabi/5.4.1/../../../../arm-none-eabi/lib/armv7-m\libg_n.a(lib_a-fflush.o)
 .text.fflush   0x00000000       0x24 d:/usr/embitz/1.11/share/em_armgcc/bin/../lib/gcc/arm-none-eabi/5.4.1/../../../../arm-none-eabi/lib/armv7-m\libg_n.a(lib_a-fflush.o)
 .text          0x00000000        0x0 d:/usr/embitz/1.11/share/em_armgcc/bin/../lib/gcc/arm-none-eabi/5.4.1/../../../../arm-none-eabi/lib/armv7-m\libg_n.a(lib_a-findfp.o)
 .data          0x00000000        0x0 d:/usr/embitz/1.11/share/em_armgcc/bin/../lib/gcc/arm-none-eabi/5.4.1/../../../../arm-none-eabi/lib/armv7-m\libg_n.a(lib_a-findfp.o)
 .bss           0x00000000        0x0 d:/usr/embitz/1.11/share/em_armgcc/bin/../lib/gcc/arm-none-eabi/5.4.1/../../../../arm-none-eabi/lib/armv7-m\libg_n.a(lib_a-findfp.o)
 .text.__fp_unlock
                0x00000000        0x4 d:/usr/embitz/1.11/share/em_armgcc/bin/../lib/gcc/arm-none-eabi/5.4.1/../../../../arm-none-eabi/lib/armv7-m\libg_n.a(lib_a-findfp.o)
 .text.__fp_lock
                0x00000000        0x4 d:/usr/embitz/1.11/share/em_armgcc/bin/../lib/gcc/arm-none-eabi/5.4.1/../../../../arm-none-eabi/lib/armv7-m\libg_n.a(lib_a-findfp.o)
 .text._cleanup
                0x00000000        0xc d:/usr/embitz/1.11/share/em_armgcc/bin/../lib/gcc/arm-none-eabi/5.4.1/../../../../arm-none-eabi/lib/armv7-m\libg_n.a(lib_a-findfp.o)
 .text.__sfp_lock_acquire
                0x00000000        0x2 d:/usr/embitz/1.11/share/em_armgcc/bin/../lib/gcc/arm-none-eabi/5.4.1/../../../../arm-none-eabi/lib/armv7-m\libg_n.a(lib_a-findfp.o)
 .text.__sfp_lock_release
                0x00000000        0x2 d:/usr/embitz/1.11/share/em_armgcc/bin/../lib/gcc/arm-none-eabi/5.4.1/../../../../arm-none-eabi/lib/armv7-m\libg_n.a(lib_a-findfp.o)
 .text.__sinit_lock_acquire
                0x00000000        0x2 d:/usr/embitz/1.11/share/em_armgcc/bin/../lib/gcc/arm-none-eabi/5.4.1/../../../../arm-none-eabi/lib/armv7-m\libg_n.a(lib_a-findfp.o)
 .text.__sinit_lock_release
                0x00000000        0x2 d:/usr/embitz/1.11/share/em_armgcc/bin/../lib/gcc/arm-none-eabi/5.4.1/../../../../arm-none-eabi/lib/armv7-m\libg_n.a(lib_a-findfp.o)
 .text.__fp_lock_all
                0x00000000       0x14 d:/usr/embitz/1.11/share/em_armgcc/bin/../lib/gcc/arm-none-eabi/5.4.1/../../../../arm-none-eabi/lib/armv7-m\libg_n.a(lib_a-findfp.o)
 .text.__fp_unlock_all
                0x00000000       0x14 d:/usr/embitz/1.11/share/em_armgcc/bin/../lib/gcc/arm-none-eabi/5.4.1/../../../../arm-none-eabi/lib/armv7-m\libg_n.a(lib_a-findfp.o)
 .text          0x00000000        0x0 d:/usr/embitz/1.11/share/em_armgcc/bin/../lib/gcc/arm-none-eabi/5.4.1/../../../../arm-none-eabi/lib/armv7-m\libg_n.a(lib_a-fwalk.o)
 .data          0x00000000        0x0 d:/usr/embitz/1.11/share/em_armgcc/bin/../lib/gcc/arm-none-eabi/5.4.1/../../../../arm-none-eabi/lib/armv7-m\libg_n.a(lib_a-fwalk.o)
 .bss           0x00000000        0x0 d:/usr/embitz/1.11/share/em_armgcc/bin/../lib/gcc/arm-none-eabi/5.4.1/../../../../arm-none-eabi/lib/armv7-m\libg_n.a(lib_a-fwalk.o)
 .text._fwalk   0x00000000       0x38 d:/usr/embitz/1.11/share/em_armgcc/bin/../lib/gcc/arm-none-eabi/5.4.1/../../../../arm-none-eabi/lib/armv7-m\libg_n.a(lib_a-fwalk.o)
 .text          0x00000000        0x0 d:/usr/embitz/1.11/share/em_armgcc/bin/../lib/gcc/arm-none-eabi/5.4.1/../../../../arm-none-eabi/lib/armv7-m\libg_n.a(lib_a-makebuf.o)
 .data          0x00000000        0x0 d:/usr/embitz/1.11/share/em_armgcc/bin/../lib/gcc/arm-none-eabi/5.4.1/../../../../arm-none-eabi/lib/armv7-m\libg_n.a(lib_a-makebuf.o)
 .bss           0x00000000        0x0 d:/usr/embitz/1.11/share/em_armgcc/bin/../lib/gcc/arm-none-eabi/5.4.1/../../../../arm-none-eabi/lib/armv7-m\libg_n.a(lib_a-makebuf.o)
 .text          0x00000000        0x0 d:/usr/embitz/1.11/share/em_armgcc/bin/../lib/gcc/arm-none-eabi/5.4.1/../../../../arm-none-eabi/lib/armv7-m\libg_n.a(lib_a-nano-freer.o)
 .data          0x00000000        0x0 d:/usr/embitz/1.11/share/em_armgcc/bin/../lib/gcc/arm-none-eabi/5.4.1/../../../../arm-none-eabi/lib/armv7-m\libg_n.a(lib_a-nano-freer.o)
 .bss           0x00000000        0x0 d:/usr/embitz/1.11/share/em_armgcc/bin/../lib/gcc/arm-none-eabi/5.4.1/../../../../arm-none-eabi/lib/armv7-m\libg_n.a(lib_a-nano-freer.o)
 .text          0x00000000        0x0 d:/usr/embitz/1.11/share/em_armgcc/bin/../lib/gcc/arm-none-eabi/5.4.1/../../../../arm-none-eabi/lib/armv7-m\libg_n.a(lib_a-nano-mallocr.o)
 .data          0x00000000        0x0 d:/usr/embitz/1.11/share/em_armgcc/bin/../lib/gcc/arm-none-eabi/5.4.1/../../../../arm-none-eabi/lib/armv7-m\libg_n.a(lib_a-nano-mallocr.o)
 .bss           0x00000000        0x0 d:/usr/embitz/1.11/share/em_armgcc/bin/../lib/gcc/arm-none-eabi/5.4.1/../../../../arm-none-eabi/lib/armv7-m\libg_n.a(lib_a-nano-mallocr.o)
 .text          0x00000000        0x0 d:/usr/embitz/1.11/share/em_armgcc/bin/../lib/gcc/arm-none-eabi/5.4.1/../../../../arm-none-eabi/lib/armv7-m\libg_n.a(lib_a-nano-vfprintf.o)
 .data          0x00000000        0x0 d:/usr/embitz/1.11/share/em_armgcc/bin/../lib/gcc/arm-none-eabi/5.4.1/../../../../arm-none-eabi/lib/armv7-m\libg_n.a(lib_a-nano-vfprintf.o)
 .bss           0x00000000        0x0 d:/usr/embitz/1.11/share/em_armgcc/bin/../lib/gcc/arm-none-eabi/5.4.1/../../../../arm-none-eabi/lib/armv7-m\libg_n.a(lib_a-nano-vfprintf.o)
 .text.__sprint_r
                0x00000000       0x1a d:/usr/embitz/1.11/share/em_armgcc/bin/../lib/gcc/arm-none-eabi/5.4.1/../../../../arm-none-eabi/lib/armv7-m\libg_n.a(lib_a-nano-vfprintf.o)
 .text.vfprintf
                0x00000000       0x14 d:/usr/embitz/1.11/share/em_armgcc/bin/../lib/gcc/arm-none-eabi/5.4.1/../../../../arm-none-eabi/lib/armv7-m\libg_n.a(lib_a-nano-vfprintf.o)
 .text          0x00000000        0x0 d:/usr/embitz/1.11/share/em_armgcc/bin/../lib/gcc/arm-none-eabi/5.4.1/../../../../arm-none-eabi/lib/armv7-m\libg_n.a(lib_a-nano-vfprintf_i.o)
 .data          0x00000000        0x0 d:/usr/embitz/1.11/share/em_armgcc/bin/../lib/gcc/arm-none-eabi/5.4.1/../../../../arm-none-eabi/lib/armv7-m\libg_n.a(lib_a-nano-vfprintf_i.o)
 .bss           0x00000000        0x0 d:/usr/embitz/1.11/share/em_armgcc/bin/../lib/gcc/arm-none-eabi/5.4.1/../../../../arm-none-eabi/lib/armv7-m\libg_n.a(lib_a-nano-vfprintf_i.o)
 .text          0x00000000        0x0 d:/usr/embitz/1.11/share/em_armgcc/bin/../lib/gcc/arm-none-eabi/5.4.1/../../../../arm-none-eabi/lib/armv7-m\libg_n.a(lib_a-sbrkr.o)
 .data          0x00000000        0x0 d:/usr/embitz/1.11/share/em_armgcc/bin/../lib/gcc/arm-none-eabi/5.4.1/../../../../arm-none-eabi/lib/armv7-m\libg_n.a(lib_a-sbrkr.o)
 .bss           0x00000000        0x0 d:/usr/embitz/1.11/share/em_armgcc/bin/../lib/gcc/arm-none-eabi/5.4.1/../../../../arm-none-eabi/lib/armv7-m\libg_n.a(lib_a-sbrkr.o)
 .text          0x00000000        0x0 d:/usr/embitz/1.11/share/em_armgcc/bin/../lib/gcc/arm-none-eabi/5.4.1/../../../../arm-none-eabi/lib/armv7-m\libg_n.a(lib_a-stdio.o)
 .data          0x00000000        0x0 d:/usr/embitz/1.11/share/em_armgcc/bin/../lib/gcc/arm-none-eabi/5.4.1/../../../../arm-none-eabi/lib/armv7-m\libg_n.a(lib_a-stdio.o)
 .bss           0x00000000        0x0 d:/usr/embitz/1.11/share/em_armgcc/bin/../lib/gcc/arm-none-eabi/5.4.1/../../../../arm-none-eabi/lib/armv7-m\libg_n.a(lib_a-stdio.o)
 .text.__seofread
                0x00000000        0x4 d:/usr/embitz/1.11/share/em_armgcc/bin/../lib/gcc/arm-none-eabi/5.4.1/../../../../arm-none-eabi/lib/armv7-m\libg_n.a(lib_a-stdio.o)
 .text          0x00000000        0x0 d:/usr/embitz/1.11/share/em_armgcc/bin/../lib/gcc/arm-none-eabi/5.4.1/../../../../arm-none-eabi/lib/armv7-m\libg_n.a(lib_a-writer.o)
 .data          0x00000000        0x0 d:/usr/embitz/1.11/share/em_armgcc/bin/../lib/gcc/arm-none-eabi/5.4.1/../../../../arm-none-eabi/lib/armv7-m\libg_n.a(lib_a-writer.o)
 .bss           0x00000000        0x0 d:/usr/embitz/1.11/share/em_armgcc/bin/../lib/gcc/arm-none-eabi/5.4.1/../../../../arm-none-eabi/lib/armv7-m\libg_n.a(lib_a-writer.o)
 .text          0x00000000        0x0 d:/usr/embitz/1.11/share/em_armgcc/bin/../lib/gcc/arm-none-eabi/5.4.1/../../../../arm-none-eabi/lib/armv7-m\libg_n.a(lib_a-closer.o)
 .data          0x00000000        0x0 d:/usr/embitz/1.11/share/em_armgcc/bin/../lib/gcc/arm-none-eabi/5.4.1/../../../../arm-none-eabi/lib/armv7-m\libg_n.a(lib_a-closer.o)
 .bss           0x00000000        0x0 d:/usr/embitz/1.11/share/em_armgcc/bin/../lib/gcc/arm-none-eabi/5.4.1/../../../../arm-none-eabi/lib/armv7-m\libg_n.a(lib_a-closer.o)
 .text          0x00000000        0x0 d:/usr/embitz/1.11/share/em_armgcc/bin/../lib/gcc/arm-none-eabi/5.4.1/../../../../arm-none-eabi/lib/armv7-m\libg_n.a(lib_a-fstatr.o)
 .data          0x00000000        0x0 d:/usr/embitz/1.11/share/em_armgcc/bin/../lib/gcc/arm-none-eabi/5.4.1/../../../../arm-none-eabi/lib/armv7-m\libg_n.a(lib_a-fstatr.o)
 .bss           0x00000000        0x0 d:/usr/embitz/1.11/share/em_armgcc/bin/../lib/gcc/arm-none-eabi/5.4.1/../../../../arm-none-eabi/lib/armv7-m\libg_n.a(lib_a-fstatr.o)
 .text          0x00000000        0x0 d:/usr/embitz/1.11/share/em_armgcc/bin/../lib/gcc/arm-none-eabi/5.4.1/../../../../arm-none-eabi/lib/armv7-m\libg_n.a(lib_a-fvwrite.o)
 .data          0x00000000        0x0 d:/usr/embitz/1.11/share/em_armgcc/bin/../lib/gcc/arm-none-eabi/5.4.1/../../../../arm-none-eabi/lib/armv7-m\libg_n.a(lib_a-fvwrite.o)
 .bss           0x00000000        0x0 d:/usr/embitz/1.11/share/em_armgcc/bin/../lib/gcc/arm-none-eabi/5.4.1/../../../../arm-none-eabi/lib/armv7-m\libg_n.a(lib_a-fvwrite.o)
 .text.__sfvwrite_r
                0x00000000      0x294 d:/usr/embitz/1.11/share/em_armgcc/bin/../lib/gcc/arm-none-eabi/5.4.1/../../../../arm-none-eabi/lib/armv7-m\libg_n.a(lib_a-fvwrite.o)
 .debug_frame   0x00000000       0x3c d:/usr/embitz/1.11/share/em_armgcc/bin/../lib/gcc/arm-none-eabi/5.4.1/../../../../arm-none-eabi/lib/armv7-m\libg_n.a(lib_a-fvwrite.o)
 .ARM.attributes
                0x00000000       0x2d d:/usr/embitz/1.11/share/em_armgcc/bin/../lib/gcc/arm-none-eabi/5.4.1/../../../../arm-none-eabi/lib/armv7-m\libg_n.a(lib_a-fvwrite.o)
 .text          0x00000000        0x0 d:/usr/embitz/1.11/share/em_armgcc/bin/../lib/gcc/arm-none-eabi/5.4.1/../../../../arm-none-eabi/lib/armv7-m\libg_n.a(lib_a-isattyr.o)
 .data          0x00000000        0x0 d:/usr/embitz/1.11/share/em_armgcc/bin/../lib/gcc/arm-none-eabi/5.4.1/../../../../arm-none-eabi/lib/armv7-m\libg_n.a(lib_a-isattyr.o)
 .bss           0x00000000        0x0 d:/usr/embitz/1.11/share/em_armgcc/bin/../lib/gcc/arm-none-eabi/5.4.1/../../../../arm-none-eabi/lib/armv7-m\libg_n.a(lib_a-isattyr.o)
 .text          0x00000000        0x0 d:/usr/embitz/1.11/share/em_armgcc/bin/../lib/gcc/arm-none-eabi/5.4.1/../../../../arm-none-eabi/lib/armv7-m\libg_n.a(lib_a-lseekr.o)
 .data          0x00000000        0x0 d:/usr/embitz/1.11/share/em_armgcc/bin/../lib/gcc/arm-none-eabi/5.4.1/../../../../arm-none-eabi/lib/armv7-m\libg_n.a(lib_a-lseekr.o)
 .bss           0x00000000        0x0 d:/usr/embitz/1.11/share/em_armgcc/bin/../lib/gcc/arm-none-eabi/5.4.1/../../../../arm-none-eabi/lib/armv7-m\libg_n.a(lib_a-lseekr.o)
 .text          0x00000000        0x0 d:/usr/embitz/1.11/share/em_armgcc/bin/../lib/gcc/arm-none-eabi/5.4.1/../../../../arm-none-eabi/lib/armv7-m\libg_n.a(lib_a-memchr-stub.o)
 .data          0x00000000        0x0 d:/usr/embitz/1.11/share/em_armgcc/bin/../lib/gcc/arm-none-eabi/5.4.1/../../../../arm-none-eabi/lib/armv7-m\libg_n.a(lib_a-memchr-stub.o)
 .bss           0x00000000        0x0 d:/usr/embitz/1.11/share/em_armgcc/bin/../lib/gcc/arm-none-eabi/5.4.1/../../../../arm-none-eabi/lib/armv7-m\libg_n.a(lib_a-memchr-stub.o)
 .text          0x00000000        0x0 d:/usr/embitz/1.11/share/em_armgcc/bin/../lib/gcc/arm-none-eabi/5.4.1/../../../../arm-none-eabi/lib/armv7-m\libg_n.a(lib_a-memcpy-stub.o)
 .data          0x00000000        0x0 d:/usr/embitz/1.11/share/em_armgcc/bin/../lib/gcc/arm-none-eabi/5.4.1/../../../../arm-none-eabi/lib/armv7-m\libg_n.a(lib_a-memcpy-stub.o)
 .bss           0x00000000        0x0 d:/usr/embitz/1.11/share/em_armgcc/bin/../lib/gcc/arm-none-eabi/5.4.1/../../../../arm-none-eabi/lib/armv7-m\libg_n.a(lib_a-memcpy-stub.o)
 .text.memcpy   0x00000000       0x16 d:/usr/embitz/1.11/share/em_armgcc/bin/../lib/gcc/arm-none-eabi/5.4.1/../../../../arm-none-eabi/lib/armv7-m\libg_n.a(lib_a-memcpy-stub.o)
 .debug_frame   0x00000000       0x28 d:/usr/embitz/1.11/share/em_armgcc/bin/../lib/gcc/arm-none-eabi/5.4.1/../../../../arm-none-eabi/lib/armv7-m\libg_n.a(lib_a-memcpy-stub.o)
 .ARM.attributes
                0x00000000       0x2d d:/usr/embitz/1.11/share/em_armgcc/bin/../lib/gcc/arm-none-eabi/5.4.1/../../../../arm-none-eabi/lib/armv7-m\libg_n.a(lib_a-memcpy-stub.o)
 .text          0x00000000        0x0 d:/usr/embitz/1.11/share/em_armgcc/bin/../lib/gcc/arm-none-eabi/5.4.1/../../../../arm-none-eabi/lib/armv7-m\libg_n.a(lib_a-memmove.o)
 .data          0x00000000        0x0 d:/usr/embitz/1.11/share/em_armgcc/bin/../lib/gcc/arm-none-eabi/5.4.1/../../../../arm-none-eabi/lib/armv7-m\libg_n.a(lib_a-memmove.o)
 .bss           0x00000000        0x0 d:/usr/embitz/1.11/share/em_armgcc/bin/../lib/gcc/arm-none-eabi/5.4.1/../../../../arm-none-eabi/lib/armv7-m\libg_n.a(lib_a-memmove.o)
 .text.memmove  0x00000000       0x36 d:/usr/embitz/1.11/share/em_armgcc/bin/../lib/gcc/arm-none-eabi/5.4.1/../../../../arm-none-eabi/lib/armv7-m\libg_n.a(lib_a-memmove.o)
 .debug_frame   0x00000000       0x28 d:/usr/embitz/1.11/share/em_armgcc/bin/../lib/gcc/arm-none-eabi/5.4.1/../../../../arm-none-eabi/lib/armv7-m\libg_n.a(lib_a-memmove.o)
 .ARM.attributes
                0x00000000       0x2d d:/usr/embitz/1.11/share/em_armgcc/bin/../lib/gcc/arm-none-eabi/5.4.1/../../../../arm-none-eabi/lib/armv7-m\libg_n.a(lib_a-memmove.o)
 .text          0x00000000        0x0 d:/usr/embitz/1.11/share/em_armgcc/bin/../lib/gcc/arm-none-eabi/5.4.1/../../../../arm-none-eabi/lib/armv7-m\libg_n.a(lib_a-mlock.o)
 .data          0x00000000        0x0 d:/usr/embitz/1.11/share/em_armgcc/bin/../lib/gcc/arm-none-eabi/5.4.1/../../../../arm-none-eabi/lib/armv7-m\libg_n.a(lib_a-mlock.o)
 .bss           0x00000000        0x0 d:/usr/embitz/1.11/share/em_armgcc/bin/../lib/gcc/arm-none-eabi/5.4.1/../../../../arm-none-eabi/lib/armv7-m\libg_n.a(lib_a-mlock.o)
 .text          0x00000000        0x0 d:/usr/embitz/1.11/share/em_armgcc/bin/../lib/gcc/arm-none-eabi/5.4.1/../../../../arm-none-eabi/lib/armv7-m\libg_n.a(lib_a-nano-reallocr.o)
 .data          0x00000000        0x0 d:/usr/embitz/1.11/share/em_armgcc/bin/../lib/gcc/arm-none-eabi/5.4.1/../../../../arm-none-eabi/lib/armv7-m\libg_n.a(lib_a-nano-reallocr.o)
 .bss           0x00000000        0x0 d:/usr/embitz/1.11/share/em_armgcc/bin/../lib/gcc/arm-none-eabi/5.4.1/../../../../arm-none-eabi/lib/armv7-m\libg_n.a(lib_a-nano-reallocr.o)
 .text._realloc_r
                0x00000000       0x4c d:/usr/embitz/1.11/share/em_armgcc/bin/../lib/gcc/arm-none-eabi/5.4.1/../../../../arm-none-eabi/lib/armv7-m\libg_n.a(lib_a-nano-reallocr.o)
 .debug_frame   0x00000000       0x3c d:/usr/embitz/1.11/share/em_armgcc/bin/../lib/gcc/arm-none-eabi/5.4.1/../../../../arm-none-eabi/lib/armv7-m\libg_n.a(lib_a-nano-reallocr.o)
 .ARM.attributes
                0x00000000       0x2d d:/usr/embitz/1.11/share/em_armgcc/bin/../lib/gcc/arm-none-eabi/5.4.1/../../../../arm-none-eabi/lib/armv7-m\libg_n.a(lib_a-nano-reallocr.o)
 .text          0x00000000        0x0 d:/usr/embitz/1.11/share/em_armgcc/bin/../lib/gcc/arm-none-eabi/5.4.1/../../../../arm-none-eabi/lib/armv7-m\libg_n.a(lib_a-readr.o)
 .data          0x00000000        0x0 d:/usr/embitz/1.11/share/em_armgcc/bin/../lib/gcc/arm-none-eabi/5.4.1/../../../../arm-none-eabi/lib/armv7-m\libg_n.a(lib_a-readr.o)
 .bss           0x00000000        0x0 d:/usr/embitz/1.11/share/em_armgcc/bin/../lib/gcc/arm-none-eabi/5.4.1/../../../../arm-none-eabi/lib/armv7-m\libg_n.a(lib_a-readr.o)
 .text          0x00000000        0x0 d:/usr/embitz/1.11/share/em_armgcc/bin/../lib/gcc/arm-none-eabi/5.4.1/../../../../arm-none-eabi/lib/armv7-m\libg_n.a(lib_a-reent.o)
 .data          0x00000000        0x0 d:/usr/embitz/1.11/share/em_armgcc/bin/../lib/gcc/arm-none-eabi/5.4.1/../../../../arm-none-eabi/lib/armv7-m\libg_n.a(lib_a-reent.o)
 .bss           0x00000000        0x0 d:/usr/embitz/1.11/share/em_armgcc/bin/../lib/gcc/arm-none-eabi/5.4.1/../../../../arm-none-eabi/lib/armv7-m\libg_n.a(lib_a-reent.o)
 .text.cleanup_glue
                0x00000000       0x1a d:/usr/embitz/1.11/share/em_armgcc/bin/../lib/gcc/arm-none-eabi/5.4.1/../../../../arm-none-eabi/lib/armv7-m\libg_n.a(lib_a-reent.o)
 .text._reclaim_reent
                0x00000000       0xb4 d:/usr/embitz/1.11/share/em_armgcc/bin/../lib/gcc/arm-none-eabi/5.4.1/../../../../arm-none-eabi/lib/armv7-m\libg_n.a(lib_a-reent.o)
 .text          0x00000000        0x0 d:/usr/embitz/1.11/share/em_armgcc/bin/../lib/gcc/arm-none-eabi/5.4.1/../../../../arm-none-eabi/lib/armv7-m\libg_n.a(lib_a-nano-msizer.o)
 .data          0x00000000        0x0 d:/usr/embitz/1.11/share/em_armgcc/bin/../lib/gcc/arm-none-eabi/5.4.1/../../../../arm-none-eabi/lib/armv7-m\libg_n.a(lib_a-nano-msizer.o)
 .bss           0x00000000        0x0 d:/usr/embitz/1.11/share/em_armgcc/bin/../lib/gcc/arm-none-eabi/5.4.1/../../../../arm-none-eabi/lib/armv7-m\libg_n.a(lib_a-nano-msizer.o)
 .text._malloc_usable_size_r
                0x00000000       0x14 d:/usr/embitz/1.11/share/em_armgcc/bin/../lib/gcc/arm-none-eabi/5.4.1/../../../../arm-none-eabi/lib/armv7-m\libg_n.a(lib_a-nano-msizer.o)
 .debug_frame   0x00000000       0x20 d:/usr/embitz/1.11/share/em_armgcc/bin/../lib/gcc/arm-none-eabi/5.4.1/../../../../arm-none-eabi/lib/armv7-m\libg_n.a(lib_a-nano-msizer.o)
 .ARM.attributes
                0x00000000       0x2d d:/usr/embitz/1.11/share/em_armgcc/bin/../lib/gcc/arm-none-eabi/5.4.1/../../../../arm-none-eabi/lib/armv7-m\libg_n.a(lib_a-nano-msizer.o)
 .text          0x00000000        0x0 d:/usr/embitz/1.11/share/em_armgcc/bin/../lib/gcc/arm-none-eabi/5.4.1/../../../../arm-none-eabi/lib/armv7-m\libnosys_s.a(close.o)
 .data          0x00000000        0x0 d:/usr/embitz/1.11/share/em_armgcc/bin/../lib/gcc/arm-none-eabi/5.4.1/../../../../arm-none-eabi/lib/armv7-m\libnosys_s.a(close.o)
 .bss           0x00000000        0x0 d:/usr/embitz/1.11/share/em_armgcc/bin/../lib/gcc/arm-none-eabi/5.4.1/../../../../arm-none-eabi/lib/armv7-m\libnosys_s.a(close.o)
 .text          0x00000000        0x0 d:/usr/embitz/1.11/share/em_armgcc/bin/../lib/gcc/arm-none-eabi/5.4.1/../../../../arm-none-eabi/lib/armv7-m\libnosys_s.a(fstat.o)
 .data          0x00000000        0x0 d:/usr/embitz/1.11/share/em_armgcc/bin/../lib/gcc/arm-none-eabi/5.4.1/../../../../arm-none-eabi/lib/armv7-m\libnosys_s.a(fstat.o)
 .bss           0x00000000        0x0 d:/usr/embitz/1.11/share/em_armgcc/bin/../lib/gcc/arm-none-eabi/5.4.1/../../../../arm-none-eabi/lib/armv7-m\libnosys_s.a(fstat.o)
 .text          0x00000000        0x0 d:/usr/embitz/1.11/share/em_armgcc/bin/../lib/gcc/arm-none-eabi/5.4.1/../../../../arm-none-eabi/lib/armv7-m\libnosys_s.a(isatty.o)
 .data          0x00000000        0x0 d:/usr/embitz/1.11/share/em_armgcc/bin/../lib/gcc/arm-none-eabi/5.4.1/../../../../arm-none-eabi/lib/armv7-m\libnosys_s.a(isatty.o)
 .bss           0x00000000        0x0 d:/usr/embitz/1.11/share/em_armgcc/bin/../lib/gcc/arm-none-eabi/5.4.1/../../../../arm-none-eabi/lib/armv7-m\libnosys_s.a(isatty.o)
 .text          0x00000000        0x0 d:/usr/embitz/1.11/share/em_armgcc/bin/../lib/gcc/arm-none-eabi/5.4.1/../../../../arm-none-eabi/lib/armv7-m\libnosys_s.a(lseek.o)
 .data          0x00000000        0x0 d:/usr/embitz/1.11/share/em_armgcc/bin/../lib/gcc/arm-none-eabi/5.4.1/../../../../arm-none-eabi/lib/armv7-m\libnosys_s.a(lseek.o)
 .bss           0x00000000        0x0 d:/usr/embitz/1.11/share/em_armgcc/bin/../lib/gcc/arm-none-eabi/5.4.1/../../../../arm-none-eabi/lib/armv7-m\libnosys_s.a(lseek.o)
 .text          0x00000000        0x0 d:/usr/embitz/1.11/share/em_armgcc/bin/../lib/gcc/arm-none-eabi/5.4.1/../../../../arm-none-eabi/lib/armv7-m\libnosys_s.a(read.o)
 .data          0x00000000        0x0 d:/usr/embitz/1.11/share/em_armgcc/bin/../lib/gcc/arm-none-eabi/5.4.1/../../../../arm-none-eabi/lib/armv7-m\libnosys_s.a(read.o)
 .bss           0x00000000        0x0 d:/usr/embitz/1.11/share/em_armgcc/bin/../lib/gcc/arm-none-eabi/5.4.1/../../../../arm-none-eabi/lib/armv7-m\libnosys_s.a(read.o)
 .text          0x00000000        0x0 d:/usr/embitz/1.11/share/em_armgcc/bin/../lib/gcc/arm-none-eabi/5.4.1/../../../../arm-none-eabi/lib/armv7-m\libnosys_s.a(sbrk.o)
 .data          0x00000000        0x0 d:/usr/embitz/1.11/share/em_armgcc/bin/../lib/gcc/arm-none-eabi/5.4.1/../../../../arm-none-eabi/lib/armv7-m\libnosys_s.a(sbrk.o)
 .bss           0x00000000        0x0 d:/usr/embitz/1.11/share/em_armgcc/bin/../lib/gcc/arm-none-eabi/5.4.1/../../../../arm-none-eabi/lib/armv7-m\libnosys_s.a(sbrk.o)
 .text          0x00000000        0x0 d:/usr/embitz/1.11/share/em_armgcc/bin/../lib/gcc/arm-none-eabi/5.4.1/../../../../arm-none-eabi/lib/armv7-m\libnosys_s.a(write.o)
 .data          0x00000000        0x0 d:/usr/embitz/1.11/share/em_armgcc/bin/../lib/gcc/arm-none-eabi/5.4.1/../../../../arm-none-eabi/lib/armv7-m\libnosys_s.a(write.o)
 .bss           0x00000000        0x0 d:/usr/embitz/1.11/share/em_armgcc/bin/../lib/gcc/arm-none-eabi/5.4.1/../../../../arm-none-eabi/lib/armv7-m\libnosys_s.a(write.o)
 .text          0x00000000        0x0 d:/usr/embitz/1.11/share/em_armgcc/bin/../lib/gcc/arm-none-eabi/5.4.1/../../../../arm-none-eabi/lib/armv7-m\libnosys_s.a(_exit.o)
 .data          0x00000000        0x0 d:/usr/embitz/1.11/share/em_armgcc/bin/../lib/gcc/arm-none-eabi/5.4.1/../../../../arm-none-eabi/lib/armv7-m\libnosys_s.a(_exit.o)
 .bss           0x00000000        0x0 d:/usr/embitz/1.11/share/em_armgcc/bin/../lib/gcc/arm-none-eabi/5.4.1/../../../../arm-none-eabi/lib/armv7-m\libnosys_s.a(_exit.o)
 .text          0x00000000        0x0 d:/usr/embitz/1.11/share/em_armgcc/bin/../lib/gcc/arm-none-eabi/5.4.1/armv7-m/crtend.o
 .data          0x00000000        0x0 d:/usr/embitz/1.11/share/em_armgcc/bin/../lib/gcc/arm-none-eabi/5.4.1/armv7-m/crtend.o
 .bss           0x00000000        0x0 d:/usr/embitz/1.11/share/em_armgcc/bin/../lib/gcc/arm-none-eabi/5.4.1/armv7-m/crtend.o
 .jcr           0x00000000        0x4 d:/usr/embitz/1.11/share/em_armgcc/bin/../lib/gcc/arm-none-eabi/5.4.1/armv7-m/crtend.o
 .text          0x00000000        0x0 d:/usr/embitz/1.11/share/em_armgcc/bin/../lib/gcc/arm-none-eabi/5.4.1/armv7-m/crtn.o
 .data          0x00000000        0x0 d:/usr/embitz/1.11/share/em_armgcc/bin/../lib/gcc/arm-none-eabi/5.4.1/armv7-m/crtn.o
 .bss           0x00000000        0x0 d:/usr/embitz/1.11/share/em_armgcc/bin/../lib/gcc/arm-none-eabi/5.4.1/armv7-m/crtn.o

Memory Configuration

Name             Origin             Length             Attributes
ROM              0x08000000         0x00020000         xr
RAM              0x20000000         0x00005000         xrw
*default*        0x00000000         0xffffffff

Linker script and memory map

LOAD d:/usr/embitz/1.11/share/em_armgcc/bin/../lib/gcc/arm-none-eabi/5.4.1/armv7-m/crti.o
LOAD d:/usr/embitz/1.11/share/em_armgcc/bin/../lib/gcc/arm-none-eabi/5.4.1/armv7-m/crtbegin.o
LOAD d:/usr/embitz/1.11/share/em_armgcc/bin/../lib/gcc/arm-none-eabi/5.4.1/../../../../arm-none-eabi/lib/armv7-m/crt0.o
                0x00000400                __HEAP_SIZE = 0x400
                0x00000100                __STACK_SIZE = 0x100

.text           0x08000000     0x15f0
 *(.isr_vector)
 .isr_vector    0x08000000       0xec obj\debug\src\startup_stm32f10x_md.o
                0x08000000                __isr_vector
 *(.text*)
 .text          0x080000ec       0x5c d:/usr/embitz/1.11/share/em_armgcc/bin/../lib/gcc/arm-none-eabi/5.4.1/armv7-m/crtbegin.o
 .text          0x08000148       0x74 d:/usr/embitz/1.11/share/em_armgcc/bin/../lib/gcc/arm-none-eabi/5.4.1/../../../../arm-none-eabi/lib/armv7-m/crt0.o
                0x08000148                _start
                0x08000148                _mainCRTStartup
 .text          0x080001bc       0xb8 obj\debug\src\startup_stm32f10x_md.o
                0x080001bc                Reset_Handler
                0x08000202                NMI_Handler
                0x08000204                HardFault_Handler
                0x08000206                MemManage_Handler
                0x08000208                BusFault_Handler
                0x0800020a                UsageFault_Handler
                0x0800020c                SVC_Handler
                0x0800020e                DebugMon_Handler
                0x08000210                PendSV_Handler
                0x08000214                Default_Handler
                0x08000216                WWDG_IRQHandler
                0x08000218                PVD_IRQHandler
                0x0800021a                TAMPER_IRQHandler
                0x0800021c                RTC_IRQHandler
                0x0800021e                FLASH_IRQHandler
                0x08000220                RCC_IRQHandler
                0x08000222                EXTI0_IRQHandler
                0x08000224                EXTI1_IRQHandler
                0x08000226                EXTI2_IRQHandler
                0x08000228                EXTI3_IRQHandler
                0x0800022a                EXTI4_IRQHandler
                0x0800022c                DMA1_Channel1_IRQHandler
                0x0800022e                DMA1_Channel2_IRQHandler
                0x08000230                DMA1_Channel3_IRQHandler
                0x08000232                DMA1_Channel4_IRQHandler
                0x08000234                DMA1_Channel5_IRQHandler
                0x08000236                DMA1_Channel6_IRQHandler
                0x08000238                DMA1_Channel7_IRQHandler
                0x0800023a                ADC1_2_IRQHandler
                0x0800023c                USB_HP_CAN1_TX_IRQHandler
                0x0800023e                USB_LP_CAN1_RX0_IRQHandler
                0x08000240                CAN1_RX1_IRQHandler
                0x08000242                CAN1_SCE_IRQHandler
                0x08000244                EXTI9_5_IRQHandler
                0x08000246                TIM1_BRK_IRQHandler
                0x08000248                TIM1_UP_IRQHandler
                0x0800024a                TIM1_TRG_COM_IRQHandler
                0x0800024c                TIM1_CC_IRQHandler
                0x0800024e                TIM2_IRQHandler
                0x08000250                TIM3_IRQHandler
                0x08000252                TIM4_IRQHandler
                0x08000254                I2C1_EV_IRQHandler
                0x08000256                I2C1_ER_IRQHandler
                0x08000258                I2C2_EV_IRQHandler
                0x0800025a                I2C2_ER_IRQHandler
                0x0800025c                SPI1_IRQHandler
                0x0800025e                SPI2_IRQHandler
                0x08000260                USART1_IRQHandler
                0x08000262                USART2_IRQHandler
                0x08000264                USART3_IRQHandler
                0x08000266                EXTI15_10_IRQHandler
                0x08000268                RTCAlarm_IRQHandler
                0x0800026a                USBWakeUp_IRQHandler
 .text.SystemInit
                0x08000274       0x68 obj\debug\src\system_stm32f10x.o
                0x08000274                SystemInit
 .text.SetSysClock
                0x080002dc        0xc obj\debug\src\system_stm32f10x.o
 .text.SetSysClockTo72
                0x080002e8      0x100 obj\debug\src\system_stm32f10x.o
 .text.Init_SysTick
                0x080003e8       0x2c obj\debug\src\main.o
                0x080003e8                Init_SysTick
 .text.SysTick_Handler
                0x08000414       0x1c obj\debug\src\main.o
                0x08000414                SysTick_Handler
 .text.trig_pulse
                0x08000430       0x30 obj\debug\src\main.o
                0x08000430                trig_pulse
 .text.echo_time
                0x08000460       0x60 obj\debug\src\main.o
                0x08000460                echo_time
 .text.main     0x080004c0       0x70 obj\debug\src\main.o
                0x080004c0                main
 .text.exit     0x08000530       0x28 d:/usr/embitz/1.11/share/em_armgcc/bin/../lib/gcc/arm-none-eabi/5.4.1/../../../../arm-none-eabi/lib/armv7-m\libg_n.a(lib_a-exit.o)
                0x08000530                exit
 .text.__libc_init_array
                0x08000558       0x4c d:/usr/embitz/1.11/share/em_armgcc/bin/../lib/gcc/arm-none-eabi/5.4.1/../../../../arm-none-eabi/lib/armv7-m\libg_n.a(lib_a-init.o)
                0x08000558                __libc_init_array
 .text.memset   0x080005a4       0x10 d:/usr/embitz/1.11/share/em_armgcc/bin/../lib/gcc/arm-none-eabi/5.4.1/../../../../arm-none-eabi/lib/armv7-m\libg_n.a(lib_a-memset.o)
                0x080005a4                memset
 .text.printf   0x080005b4       0x30 d:/usr/embitz/1.11/share/em_armgcc/bin/../lib/gcc/arm-none-eabi/5.4.1/../../../../arm-none-eabi/lib/armv7-m\libg_n.a(lib_a-printf.o)
                0x080005b4                iprintf
                0x080005b4                printf
 .text._puts_r  0x080005e4       0xb4 d:/usr/embitz/1.11/share/em_armgcc/bin/../lib/gcc/arm-none-eabi/5.4.1/../../../../arm-none-eabi/lib/armv7-m\libg_n.a(lib_a-puts.o)
                0x080005e4                _puts_r
 .text.puts     0x08000698       0x10 d:/usr/embitz/1.11/share/em_armgcc/bin/../lib/gcc/arm-none-eabi/5.4.1/../../../../arm-none-eabi/lib/armv7-m\libg_n.a(lib_a-puts.o)
                0x08000698                puts
 .text.__swbuf_r
                0x080006a8       0xa8 d:/usr/embitz/1.11/share/em_armgcc/bin/../lib/gcc/arm-none-eabi/5.4.1/../../../../arm-none-eabi/lib/armv7-m\libg_n.a(lib_a-wbuf.o)
                0x080006a8                __swbuf_r
 .text.__swsetup_r
                0x08000750       0xdc d:/usr/embitz/1.11/share/em_armgcc/bin/../lib/gcc/arm-none-eabi/5.4.1/../../../../arm-none-eabi/lib/armv7-m\libg_n.a(lib_a-wsetup.o)
                0x08000750                __swsetup_r
 .text.__sflush_r
                0x0800082c      0x10c d:/usr/embitz/1.11/share/em_armgcc/bin/../lib/gcc/arm-none-eabi/5.4.1/../../../../arm-none-eabi/lib/armv7-m\libg_n.a(lib_a-fflush.o)
                0x0800082c                __sflush_r
 .text._fflush_r
                0x08000938       0x54 d:/usr/embitz/1.11/share/em_armgcc/bin/../lib/gcc/arm-none-eabi/5.4.1/../../../../arm-none-eabi/lib/armv7-m\libg_n.a(lib_a-fflush.o)
                0x08000938                _fflush_r
 .text._cleanup_r
                0x0800098c        0xc d:/usr/embitz/1.11/share/em_armgcc/bin/../lib/gcc/arm-none-eabi/5.4.1/../../../../arm-none-eabi/lib/armv7-m\libg_n.a(lib_a-findfp.o)
                0x0800098c                _cleanup_r
 .text.std.isra.0
                0x08000998       0x48 d:/usr/embitz/1.11/share/em_armgcc/bin/../lib/gcc/arm-none-eabi/5.4.1/../../../../arm-none-eabi/lib/armv7-m\libg_n.a(lib_a-findfp.o)
 .text.__sfmoreglue
                0x080009e0       0x2c d:/usr/embitz/1.11/share/em_armgcc/bin/../lib/gcc/arm-none-eabi/5.4.1/../../../../arm-none-eabi/lib/armv7-m\libg_n.a(lib_a-findfp.o)
                0x080009e0                __sfmoreglue
 .text.__sinit  0x08000a0c       0x60 d:/usr/embitz/1.11/share/em_armgcc/bin/../lib/gcc/arm-none-eabi/5.4.1/../../../../arm-none-eabi/lib/armv7-m\libg_n.a(lib_a-findfp.o)
                0x08000a0c                __sinit
 .text.__sfp    0x08000a6c       0x78 d:/usr/embitz/1.11/share/em_armgcc/bin/../lib/gcc/arm-none-eabi/5.4.1/../../../../arm-none-eabi/lib/armv7-m\libg_n.a(lib_a-findfp.o)
                0x08000a6c                __sfp
 .text._fwalk_reent
                0x08000ae4       0x3c d:/usr/embitz/1.11/share/em_armgcc/bin/../lib/gcc/arm-none-eabi/5.4.1/../../../../arm-none-eabi/lib/armv7-m\libg_n.a(lib_a-fwalk.o)
                0x08000ae4                _fwalk_reent
 .text.__swhatbuf_r
                0x08000b20       0x46 d:/usr/embitz/1.11/share/em_armgcc/bin/../lib/gcc/arm-none-eabi/5.4.1/../../../../arm-none-eabi/lib/armv7-m\libg_n.a(lib_a-makebuf.o)
                0x08000b20                __swhatbuf_r
 *fill*         0x08000b66        0x2 
 .text.__smakebuf_r
                0x08000b68       0x78 d:/usr/embitz/1.11/share/em_armgcc/bin/../lib/gcc/arm-none-eabi/5.4.1/../../../../arm-none-eabi/lib/armv7-m\libg_n.a(lib_a-makebuf.o)
                0x08000b68                __smakebuf_r
 .text._free_r  0x08000be0       0x98 d:/usr/embitz/1.11/share/em_armgcc/bin/../lib/gcc/arm-none-eabi/5.4.1/../../../../arm-none-eabi/lib/armv7-m\libg_n.a(lib_a-nano-freer.o)
                0x08000be0                _free_r
 .text._malloc_r
                0x08000c78       0xbc d:/usr/embitz/1.11/share/em_armgcc/bin/../lib/gcc/arm-none-eabi/5.4.1/../../../../arm-none-eabi/lib/armv7-m\libg_n.a(lib_a-nano-mallocr.o)
                0x08000c78                _malloc_r
 .text.__sfputc_r
                0x08000d34       0x2c d:/usr/embitz/1.11/share/em_armgcc/bin/../lib/gcc/arm-none-eabi/5.4.1/../../../../arm-none-eabi/lib/armv7-m\libg_n.a(lib_a-nano-vfprintf.o)
 .text.__sfputs_r
                0x08000d60       0x24 d:/usr/embitz/1.11/share/em_armgcc/bin/../lib/gcc/arm-none-eabi/5.4.1/../../../../arm-none-eabi/lib/armv7-m\libg_n.a(lib_a-nano-vfprintf.o)
                0x08000d60                __sfputs_r
 .text._vfprintf_r
                0x08000d84      0x238 d:/usr/embitz/1.11/share/em_armgcc/bin/../lib/gcc/arm-none-eabi/5.4.1/../../../../arm-none-eabi/lib/armv7-m\libg_n.a(lib_a-nano-vfprintf.o)
                0x08000d84                _vfprintf_r
                0x08000d84                _vfiprintf_r
 .text._printf_common
                0x08000fbc       0xec d:/usr/embitz/1.11/share/em_armgcc/bin/../lib/gcc/arm-none-eabi/5.4.1/../../../../arm-none-eabi/lib/armv7-m\libg_n.a(lib_a-nano-vfprintf_i.o)
                0x08000fbc                _printf_common
 .text._printf_i
                0x080010a8      0x24c d:/usr/embitz/1.11/share/em_armgcc/bin/../lib/gcc/arm-none-eabi/5.4.1/../../../../arm-none-eabi/lib/armv7-m\libg_n.a(lib_a-nano-vfprintf_i.o)
                0x080010a8                _printf_i
 .text._sbrk_r  0x080012f4       0x20 d:/usr/embitz/1.11/share/em_armgcc/bin/../lib/gcc/arm-none-eabi/5.4.1/../../../../arm-none-eabi/lib/armv7-m\libg_n.a(lib_a-sbrkr.o)
                0x080012f4                _sbrk_r
 .text.__sread  0x08001314       0x22 d:/usr/embitz/1.11/share/em_armgcc/bin/../lib/gcc/arm-none-eabi/5.4.1/../../../../arm-none-eabi/lib/armv7-m\libg_n.a(lib_a-stdio.o)
                0x08001314                __sread
 .text.__swrite
                0x08001336       0x38 d:/usr/embitz/1.11/share/em_armgcc/bin/../lib/gcc/arm-none-eabi/5.4.1/../../../../arm-none-eabi/lib/armv7-m\libg_n.a(lib_a-stdio.o)
                0x08001336                __swrite
 .text.__sseek  0x0800136e       0x24 d:/usr/embitz/1.11/share/em_armgcc/bin/../lib/gcc/arm-none-eabi/5.4.1/../../../../arm-none-eabi/lib/armv7-m\libg_n.a(lib_a-stdio.o)
                0x0800136e                __sseek
 .text.__sclose
                0x08001392        0x8 d:/usr/embitz/1.11/share/em_armgcc/bin/../lib/gcc/arm-none-eabi/5.4.1/../../../../arm-none-eabi/lib/armv7-m\libg_n.a(lib_a-stdio.o)
                0x08001392                __sclose
 *fill*         0x0800139a        0x2 
 .text._write_r
                0x0800139c       0x24 d:/usr/embitz/1.11/share/em_armgcc/bin/../lib/gcc/arm-none-eabi/5.4.1/../../../../arm-none-eabi/lib/armv7-m\libg_n.a(lib_a-writer.o)
                0x0800139c                _write_r
 .text._close_r
                0x080013c0       0x20 d:/usr/embitz/1.11/share/em_armgcc/bin/../lib/gcc/arm-none-eabi/5.4.1/../../../../arm-none-eabi/lib/armv7-m\libg_n.a(lib_a-closer.o)
                0x080013c0                _close_r
 .text._fstat_r
                0x080013e0       0x24 d:/usr/embitz/1.11/share/em_armgcc/bin/../lib/gcc/arm-none-eabi/5.4.1/../../../../arm-none-eabi/lib/armv7-m\libg_n.a(lib_a-fstatr.o)
                0x080013e0                _fstat_r
 .text._isatty_r
                0x08001404       0x20 d:/usr/embitz/1.11/share/em_armgcc/bin/../lib/gcc/arm-none-eabi/5.4.1/../../../../arm-none-eabi/lib/armv7-m\libg_n.a(lib_a-isattyr.o)
                0x08001404                _isatty_r
 .text._lseek_r
                0x08001424       0x24 d:/usr/embitz/1.11/share/em_armgcc/bin/../lib/gcc/arm-none-eabi/5.4.1/../../../../arm-none-eabi/lib/armv7-m\libg_n.a(lib_a-lseekr.o)
                0x08001424                _lseek_r
 .text.memchr   0x08001448       0x1c d:/usr/embitz/1.11/share/em_armgcc/bin/../lib/gcc/arm-none-eabi/5.4.1/../../../../arm-none-eabi/lib/armv7-m\libg_n.a(lib_a-memchr-stub.o)
                0x08001448                memchr
 .text.__malloc_lock
                0x08001464        0x2 d:/usr/embitz/1.11/share/em_armgcc/bin/../lib/gcc/arm-none-eabi/5.4.1/../../../../arm-none-eabi/lib/armv7-m\libg_n.a(lib_a-mlock.o)
                0x08001464                __malloc_lock
 .text.__malloc_unlock
                0x08001466        0x2 d:/usr/embitz/1.11/share/em_armgcc/bin/../lib/gcc/arm-none-eabi/5.4.1/../../../../arm-none-eabi/lib/armv7-m\libg_n.a(lib_a-mlock.o)
                0x08001466                __malloc_unlock
 .text._read_r  0x08001468       0x24 d:/usr/embitz/1.11/share/em_armgcc/bin/../lib/gcc/arm-none-eabi/5.4.1/../../../../arm-none-eabi/lib/armv7-m\libg_n.a(lib_a-readr.o)
                0x08001468                _read_r
 .text._close   0x0800148c       0x10 d:/usr/embitz/1.11/share/em_armgcc/bin/../lib/gcc/arm-none-eabi/5.4.1/../../../../arm-none-eabi/lib/armv7-m\libnosys_s.a(close.o)
                0x0800148c                _close
 .text._fstat   0x0800149c       0x10 d:/usr/embitz/1.11/share/em_armgcc/bin/../lib/gcc/arm-none-eabi/5.4.1/../../../../arm-none-eabi/lib/armv7-m\libnosys_s.a(fstat.o)
                0x0800149c                _fstat
 .text._isatty  0x080014ac       0x10 d:/usr/embitz/1.11/share/em_armgcc/bin/../lib/gcc/arm-none-eabi/5.4.1/../../../../arm-none-eabi/lib/armv7-m\libnosys_s.a(isatty.o)
                0x080014ac                _isatty
 .text._lseek   0x080014bc       0x10 d:/usr/embitz/1.11/share/em_armgcc/bin/../lib/gcc/arm-none-eabi/5.4.1/../../../../arm-none-eabi/lib/armv7-m\libnosys_s.a(lseek.o)
                0x080014bc                _lseek
 .text._read    0x080014cc       0x10 d:/usr/embitz/1.11/share/em_armgcc/bin/../lib/gcc/arm-none-eabi/5.4.1/../../../../arm-none-eabi/lib/armv7-m\libnosys_s.a(read.o)
                0x080014cc                _read
 .text._sbrk    0x080014dc       0x1c d:/usr/embitz/1.11/share/em_armgcc/bin/../lib/gcc/arm-none-eabi/5.4.1/../../../../arm-none-eabi/lib/armv7-m\libnosys_s.a(sbrk.o)
                0x080014dc                _sbrk
 .text._write   0x080014f8       0x10 d:/usr/embitz/1.11/share/em_armgcc/bin/../lib/gcc/arm-none-eabi/5.4.1/../../../../arm-none-eabi/lib/armv7-m\libnosys_s.a(write.o)
                0x080014f8                _write
 .text._exit    0x08001508        0x2 d:/usr/embitz/1.11/share/em_armgcc/bin/../lib/gcc/arm-none-eabi/5.4.1/../../../../arm-none-eabi/lib/armv7-m\libnosys_s.a(_exit.o)
                0x08001508                _exit
 *(.init)
 *fill*         0x0800150a        0x2 
 .init          0x0800150c        0x4 d:/usr/embitz/1.11/share/em_armgcc/bin/../lib/gcc/arm-none-eabi/5.4.1/armv7-m/crti.o
                0x0800150c                _init
 .init          0x08001510        0x8 d:/usr/embitz/1.11/share/em_armgcc/bin/../lib/gcc/arm-none-eabi/5.4.1/armv7-m/crtn.o
 *(.fini)
 .fini          0x08001518        0x4 d:/usr/embitz/1.11/share/em_armgcc/bin/../lib/gcc/arm-none-eabi/5.4.1/armv7-m/crti.o
                0x08001518                _fini
 .fini          0x0800151c        0x8 d:/usr/embitz/1.11/share/em_armgcc/bin/../lib/gcc/arm-none-eabi/5.4.1/armv7-m/crtn.o
 *crtbegin.o(.ctors)
 *crtbegin?.o(.ctors)
 *(EXCLUDE_FILE(*crtend.o *crtend?.o) .ctors)
 *(SORT(.ctors.*))
 *(.ctors)
 *crtbegin.o(.dtors)
 *crtbegin?.o(.dtors)
 *(EXCLUDE_FILE(*crtend.o *crtend?.o) .dtors)
 *(SORT(.dtors.*))
 *(.dtors)
 *(.rodata*)
 .rodata        0x08001524       0x2e obj\debug\src\main.o
 .rodata.str1.1
                0x08001552        0x2 d:/usr/embitz/1.11/share/em_armgcc/bin/../lib/gcc/arm-none-eabi/5.4.1/../../../../arm-none-eabi/lib/armv7-m\libg_n.a(lib_a-impure.o)
 .rodata._global_impure_ptr
                0x08001554        0x4 d:/usr/embitz/1.11/share/em_armgcc/bin/../lib/gcc/arm-none-eabi/5.4.1/../../../../arm-none-eabi/lib/armv7-m\libg_n.a(lib_a-impure.o)
                0x08001554                _global_impure_ptr
 .rodata.__sf_fake_stdin
                0x08001558       0x20 d:/usr/embitz/1.11/share/em_armgcc/bin/../lib/gcc/arm-none-eabi/5.4.1/../../../../arm-none-eabi/lib/armv7-m\libg_n.a(lib_a-findfp.o)
                0x08001558                __sf_fake_stdin
 .rodata.__sf_fake_stdout
                0x08001578       0x20 d:/usr/embitz/1.11/share/em_armgcc/bin/../lib/gcc/arm-none-eabi/5.4.1/../../../../arm-none-eabi/lib/armv7-m\libg_n.a(lib_a-findfp.o)
                0x08001578                __sf_fake_stdout
 .rodata.__sf_fake_stderr
                0x08001598       0x20 d:/usr/embitz/1.11/share/em_armgcc/bin/../lib/gcc/arm-none-eabi/5.4.1/../../../../arm-none-eabi/lib/armv7-m\libg_n.a(lib_a-findfp.o)
                0x08001598                __sf_fake_stderr
 .rodata.str1.1
                0x080015b8       0x11 d:/usr/embitz/1.11/share/em_armgcc/bin/../lib/gcc/arm-none-eabi/5.4.1/../../../../arm-none-eabi/lib/armv7-m\libg_n.a(lib_a-nano-vfprintf.o)
 .rodata.str1.1
                0x080015c9       0x22 d:/usr/embitz/1.11/share/em_armgcc/bin/../lib/gcc/arm-none-eabi/5.4.1/../../../../arm-none-eabi/lib/armv7-m\libg_n.a(lib_a-nano-vfprintf_i.o)
 *(.eh_frame*)
 *fill*         0x080015eb        0x1 
 .eh_frame      0x080015ec        0x0 d:/usr/embitz/1.11/share/em_armgcc/bin/../lib/gcc/arm-none-eabi/5.4.1/armv7-m/crtbegin.o
 .eh_frame      0x080015ec        0x4 d:/usr/embitz/1.11/share/em_armgcc/bin/../lib/gcc/arm-none-eabi/5.4.1/armv7-m/crtend.o

.glue_7         0x080015f0        0x0
 .glue_7        0x080015f0        0x0 linker stubs

.glue_7t        0x080015f0        0x0
 .glue_7t       0x080015f0        0x0 linker stubs

.vfp11_veneer   0x080015f0        0x0
 .vfp11_veneer  0x080015f0        0x0 linker stubs

.v4_bx          0x080015f0        0x0
 .v4_bx         0x080015f0        0x0 linker stubs

.iplt           0x080015f0        0x0
 .iplt          0x080015f0        0x0 d:/usr/embitz/1.11/share/em_armgcc/bin/../lib/gcc/arm-none-eabi/5.4.1/armv7-m/crtbegin.o

.ARM.extab
 *(.ARM.extab* .gnu.linkonce.armextab.*)
                0x080015f0                __exidx_start = .

.ARM.exidx      0x080015f0        0x8
 *(.ARM.exidx* .gnu.linkonce.armexidx.*)
 .ARM.exidx     0x080015f0        0x8 d:/usr/embitz/1.11/share/em_armgcc/bin/../lib/gcc/arm-none-eabi/5.4.1/../../../../arm-none-eabi/lib/armv7-m/crt0.o
                0x080015f8                __exidx_end = .
                0x080015f8                __etext = .

.rel.dyn        0x080015f8        0x0
 .rel.iplt      0x080015f8        0x0 d:/usr/embitz/1.11/share/em_armgcc/bin/../lib/gcc/arm-none-eabi/5.4.1/armv7-m/crtbegin.o

.data           0x20000000       0x6c load address 0x080015f8
                0x20000000                __data_start__ = .
 *(vtable)
 *(.data*)
 .data.impure_data
                0x20000000       0x60 d:/usr/embitz/1.11/share/em_armgcc/bin/../lib/gcc/arm-none-eabi/5.4.1/../../../../arm-none-eabi/lib/armv7-m\libg_n.a(lib_a-impure.o)
 .data._impure_ptr
                0x20000060        0x4 d:/usr/embitz/1.11/share/em_armgcc/bin/../lib/gcc/arm-none-eabi/5.4.1/../../../../arm-none-eabi/lib/armv7-m\libg_n.a(lib_a-impure.o)
                0x20000060                _impure_ptr
                0x20000064                . = ALIGN (0x4)
                0x20000064                PROVIDE (__preinit_array_start, .)
 *(.preinit_array)
                0x20000064                PROVIDE (__preinit_array_end, .)
                0x20000064                . = ALIGN (0x4)
                0x20000064                PROVIDE (__init_array_start, .)
 *(SORT(.init_array.*))
 *(.init_array)
 .init_array    0x20000064        0x4 d:/usr/embitz/1.11/share/em_armgcc/bin/../lib/gcc/arm-none-eabi/5.4.1/armv7-m/crtbegin.o
                0x20000068                PROVIDE (__init_array_end, .)
                0x20000068                . = ALIGN (0x4)
                [!provide]                PROVIDE (__fini_array_start, .)
 *(SORT(.fini_array.*))
 *(.fini_array)
 .fini_array    0x20000068        0x4 d:/usr/embitz/1.11/share/em_armgcc/bin/../lib/gcc/arm-none-eabi/5.4.1/armv7-m/crtbegin.o
                [!provide]                PROVIDE (__fini_array_end, .)
                0x2000006c                . = ALIGN (0x4)
                0x2000006c                __data_end__ = .

.jcr            0x2000006c        0x0 load address 0x08001664
 .jcr           0x2000006c        0x0 d:/usr/embitz/1.11/share/em_armgcc/bin/../lib/gcc/arm-none-eabi/5.4.1/armv7-m/crtbegin.o

.igot.plt       0x2000006c        0x0 load address 0x08001664
 .igot.plt      0x2000006c        0x0 d:/usr/embitz/1.11/share/em_armgcc/bin/../lib/gcc/arm-none-eabi/5.4.1/armv7-m/crtbegin.o

.bss            0x2000006c       0x30 load address 0x08001664
                0x2000006c                __bss_start__ = .
 *(.bss*)
 .bss           0x2000006c       0x1c d:/usr/embitz/1.11/share/em_armgcc/bin/../lib/gcc/arm-none-eabi/5.4.1/armv7-m/crtbegin.o
 .bss.t_cnt     0x20000088        0x4 obj\debug\src\main.o
                0x20000088                t_cnt
 .bss.__malloc_sbrk_start
                0x2000008c        0x4 d:/usr/embitz/1.11/share/em_armgcc/bin/../lib/gcc/arm-none-eabi/5.4.1/../../../../arm-none-eabi/lib/armv7-m\libg_n.a(lib_a-nano-mallocr.o)
                0x2000008c                __malloc_sbrk_start
 .bss.__malloc_free_list
                0x20000090        0x4 d:/usr/embitz/1.11/share/em_armgcc/bin/../lib/gcc/arm-none-eabi/5.4.1/../../../../arm-none-eabi/lib/armv7-m\libg_n.a(lib_a-nano-mallocr.o)
                0x20000090                __malloc_free_list
 .bss.heap_end.4167
                0x20000094        0x4 d:/usr/embitz/1.11/share/em_armgcc/bin/../lib/gcc/arm-none-eabi/5.4.1/../../../../arm-none-eabi/lib/armv7-m\libnosys_s.a(sbrk.o)
 *(COMMON)
 COMMON         0x20000098        0x4 d:/usr/embitz/1.11/share/em_armgcc/bin/../lib/gcc/arm-none-eabi/5.4.1/../../../../arm-none-eabi/lib/armv7-m\libg_n.a(lib_a-reent.o)
                0x20000098                errno
                0x2000009c                __bss_end__ = .

.heap           0x200000a0      0x400
                0x200000a0                __end__ = .
                0x200000a0                end = __end__
 *(.heap*)
 .heap          0x200000a0      0x400 obj\debug\src\startup_stm32f10x_md.o
                0x200000a0                __HeapBase
                0x200004a0                __HeapLimit = .

.stack_dummy    0x200000a0      0x100
 *(.stack)
 .stack         0x200000a0      0x100 obj\debug\src\startup_stm32f10x_md.o
                0x20005000                __StackTop = (ORIGIN (RAM) + LENGTH (RAM))
                0x20004f00                __StackLimit = (__StackTop - SIZEOF (.stack_dummy))
                0x20005000                PROVIDE (__stack, __StackTop)
                0x00000001                ASSERT ((__StackLimit >= __HeapLimit), region RAM overflowed with stack)
LOAD obj\debug\src\startup_stm32f10x_md.o
LOAD obj\debug\src\system_stm32f10x.o
LOAD obj\debug\src\main.o
START GROUP
LOAD d:/usr/embitz/1.11/share/em_armgcc/bin/../lib/gcc/arm-none-eabi/5.4.1/armv7-m\libgcc.a
LOAD d:/usr/embitz/1.11/share/em_armgcc/bin/../lib/gcc/arm-none-eabi/5.4.1/../../../../arm-none-eabi/lib/armv7-m\libg_n.a
LOAD d:/usr/embitz/1.11/share/em_armgcc/bin/../lib/gcc/arm-none-eabi/5.4.1/../../../../arm-none-eabi/lib/armv7-m\libc_n.a
END GROUP
START GROUP
LOAD d:/usr/embitz/1.11/share/em_armgcc/bin/../lib/gcc/arm-none-eabi/5.4.1/armv7-m\libgcc.a
LOAD d:/usr/embitz/1.11/share/em_armgcc/bin/../lib/gcc/arm-none-eabi/5.4.1/../../../../arm-none-eabi/lib/armv7-m\libc_n.a
LOAD d:/usr/embitz/1.11/share/em_armgcc/bin/../lib/gcc/arm-none-eabi/5.4.1/../../../../arm-none-eabi/lib/armv7-m\libnosys_s.a
END GROUP
LOAD d:/usr/embitz/1.11/share/em_armgcc/bin/../lib/gcc/arm-none-eabi/5.4.1/armv7-m/crtend.o
LOAD d:/usr/embitz/1.11/share/em_armgcc/bin/../lib/gcc/arm-none-eabi/5.4.1/armv7-m/crtn.o
OUTPUT(bin\Debug\Ultrasonic_SysTick.elf elf32-littlearm)

.ARM.attributes
                0x00000000       0x29
 .ARM.attributes
                0x00000000       0x1d d:/usr/embitz/1.11/share/em_armgcc/bin/../lib/gcc/arm-none-eabi/5.4.1/armv7-m/crti.o
 .ARM.attributes
                0x0000001d       0x2d d:/usr/embitz/1.11/share/em_armgcc/bin/../lib/gcc/arm-none-eabi/5.4.1/armv7-m/crtbegin.o
 .ARM.attributes
                0x0000004a       0x1b d:/usr/embitz/1.11/share/em_armgcc/bin/../lib/gcc/arm-none-eabi/5.4.1/../../../../arm-none-eabi/lib/armv7-m/crt0.o
 .ARM.attributes
                0x00000065       0x1b obj\debug\src\startup_stm32f10x_md.o
 .ARM.attributes
                0x00000080       0x33 obj\debug\src\system_stm32f10x.o
 .ARM.attributes
                0x000000b3       0x33 obj\debug\src\main.o
 .ARM.attributes
                0x000000e6       0x2d d:/usr/embitz/1.11/share/em_armgcc/bin/../lib/gcc/arm-none-eabi/5.4.1/../../../../arm-none-eabi/lib/armv7-m\libg_n.a(lib_a-exit.o)
 .ARM.attributes
                0x00000113       0x2d d:/usr/embitz/1.11/share/em_armgcc/bin/../lib/gcc/arm-none-eabi/5.4.1/../../../../arm-none-eabi/lib/armv7-m\libg_n.a(lib_a-impure.o)
 .ARM.attributes
                0x00000140       0x2d d:/usr/embitz/1.11/share/em_armgcc/bin/../lib/gcc/arm-none-eabi/5.4.1/../../../../arm-none-eabi/lib/armv7-m\libg_n.a(lib_a-init.o)
 .ARM.attributes
                0x0000016d       0x2d d:/usr/embitz/1.11/share/em_armgcc/bin/../lib/gcc/arm-none-eabi/5.4.1/../../../../arm-none-eabi/lib/armv7-m\libg_n.a(lib_a-memset.o)
 .ARM.attributes
                0x0000019a       0x2d d:/usr/embitz/1.11/share/em_armgcc/bin/../lib/gcc/arm-none-eabi/5.4.1/../../../../arm-none-eabi/lib/armv7-m\libg_n.a(lib_a-printf.o)
 .ARM.attributes
                0x000001c7       0x2d d:/usr/embitz/1.11/share/em_armgcc/bin/../lib/gcc/arm-none-eabi/5.4.1/../../../../arm-none-eabi/lib/armv7-m\libg_n.a(lib_a-puts.o)
 .ARM.attributes
                0x000001f4       0x2d d:/usr/embitz/1.11/share/em_armgcc/bin/../lib/gcc/arm-none-eabi/5.4.1/../../../../arm-none-eabi/lib/armv7-m\libg_n.a(lib_a-wbuf.o)
 .ARM.attributes
                0x00000221       0x2d d:/usr/embitz/1.11/share/em_armgcc/bin/../lib/gcc/arm-none-eabi/5.4.1/../../../../arm-none-eabi/lib/armv7-m\libg_n.a(lib_a-wsetup.o)
 .ARM.attributes
                0x0000024e       0x2d d:/usr/embitz/1.11/share/em_armgcc/bin/../lib/gcc/arm-none-eabi/5.4.1/../../../../arm-none-eabi/lib/armv7-m\libg_n.a(lib_a-fflush.o)
 .ARM.attributes
                0x0000027b       0x2d d:/usr/embitz/1.11/share/em_armgcc/bin/../lib/gcc/arm-none-eabi/5.4.1/../../../../arm-none-eabi/lib/armv7-m\libg_n.a(lib_a-findfp.o)
 .ARM.attributes
                0x000002a8       0x2d d:/usr/embitz/1.11/share/em_armgcc/bin/../lib/gcc/arm-none-eabi/5.4.1/../../../../arm-none-eabi/lib/armv7-m\libg_n.a(lib_a-fwalk.o)
 .ARM.attributes
                0x000002d5       0x2d d:/usr/embitz/1.11/share/em_armgcc/bin/../lib/gcc/arm-none-eabi/5.4.1/../../../../arm-none-eabi/lib/armv7-m\libg_n.a(lib_a-makebuf.o)
 .ARM.attributes
                0x00000302       0x2d d:/usr/embitz/1.11/share/em_armgcc/bin/../lib/gcc/arm-none-eabi/5.4.1/../../../../arm-none-eabi/lib/armv7-m\libg_n.a(lib_a-nano-freer.o)
 .ARM.attributes
                0x0000032f       0x2d d:/usr/embitz/1.11/share/em_armgcc/bin/../lib/gcc/arm-none-eabi/5.4.1/../../../../arm-none-eabi/lib/armv7-m\libg_n.a(lib_a-nano-mallocr.o)
 .ARM.attributes
                0x0000035c       0x2d d:/usr/embitz/1.11/share/em_armgcc/bin/../lib/gcc/arm-none-eabi/5.4.1/../../../../arm-none-eabi/lib/armv7-m\libg_n.a(lib_a-nano-vfprintf.o)
 .ARM.attributes
                0x00000389       0x2d d:/usr/embitz/1.11/share/em_armgcc/bin/../lib/gcc/arm-none-eabi/5.4.1/../../../../arm-none-eabi/lib/armv7-m\libg_n.a(lib_a-nano-vfprintf_i.o)
 .ARM.attributes
                0x000003b6       0x2d d:/usr/embitz/1.11/share/em_armgcc/bin/../lib/gcc/arm-none-eabi/5.4.1/../../../../arm-none-eabi/lib/armv7-m\libg_n.a(lib_a-sbrkr.o)
 .ARM.attributes
                0x000003e3       0x2d d:/usr/embitz/1.11/share/em_armgcc/bin/../lib/gcc/arm-none-eabi/5.4.1/../../../../arm-none-eabi/lib/armv7-m\libg_n.a(lib_a-stdio.o)
 .ARM.attributes
                0x00000410       0x2d d:/usr/embitz/1.11/share/em_armgcc/bin/../lib/gcc/arm-none-eabi/5.4.1/../../../../arm-none-eabi/lib/armv7-m\libg_n.a(lib_a-writer.o)
 .ARM.attributes
                0x0000043d       0x2d d:/usr/embitz/1.11/share/em_armgcc/bin/../lib/gcc/arm-none-eabi/5.4.1/../../../../arm-none-eabi/lib/armv7-m\libg_n.a(lib_a-closer.o)
 .ARM.attributes
                0x0000046a       0x2d d:/usr/embitz/1.11/share/em_armgcc/bin/../lib/gcc/arm-none-eabi/5.4.1/../../../../arm-none-eabi/lib/armv7-m\libg_n.a(lib_a-fstatr.o)
 .ARM.attributes
                0x00000497       0x2d d:/usr/embitz/1.11/share/em_armgcc/bin/../lib/gcc/arm-none-eabi/5.4.1/../../../../arm-none-eabi/lib/armv7-m\libg_n.a(lib_a-isattyr.o)
 .ARM.attributes
                0x000004c4       0x2d d:/usr/embitz/1.11/share/em_armgcc/bin/../lib/gcc/arm-none-eabi/5.4.1/../../../../arm-none-eabi/lib/armv7-m\libg_n.a(lib_a-lseekr.o)
 .ARM.attributes
                0x000004f1       0x2d d:/usr/embitz/1.11/share/em_armgcc/bin/../lib/gcc/arm-none-eabi/5.4.1/../../../../arm-none-eabi/lib/armv7-m\libg_n.a(lib_a-memchr-stub.o)
 .ARM.attributes
                0x0000051e       0x2d d:/usr/embitz/1.11/share/em_armgcc/bin/../lib/gcc/arm-none-eabi/5.4.1/../../../../arm-none-eabi/lib/armv7-m\libg_n.a(lib_a-mlock.o)
 .ARM.attributes
                0x0000054b       0x2d d:/usr/embitz/1.11/share/em_armgcc/bin/../lib/gcc/arm-none-eabi/5.4.1/../../../../arm-none-eabi/lib/armv7-m\libg_n.a(lib_a-readr.o)
 .ARM.attributes
                0x00000578       0x2d d:/usr/embitz/1.11/share/em_armgcc/bin/../lib/gcc/arm-none-eabi/5.4.1/../../../../arm-none-eabi/lib/armv7-m\libg_n.a(lib_a-reent.o)
 .ARM.attributes
                0x000005a5       0x2d d:/usr/embitz/1.11/share/em_armgcc/bin/../lib/gcc/arm-none-eabi/5.4.1/../../../../arm-none-eabi/lib/armv7-m\libnosys_s.a(close.o)
 .ARM.attributes
                0x000005d2       0x2d d:/usr/embitz/1.11/share/em_armgcc/bin/../lib/gcc/arm-none-eabi/5.4.1/../../../../arm-none-eabi/lib/armv7-m\libnosys_s.a(fstat.o)
 .ARM.attributes
                0x000005ff       0x2d d:/usr/embitz/1.11/share/em_armgcc/bin/../lib/gcc/arm-none-eabi/5.4.1/../../../../arm-none-eabi/lib/armv7-m\libnosys_s.a(isatty.o)
 .ARM.attributes
                0x0000062c       0x2d d:/usr/embitz/1.11/share/em_armgcc/bin/../lib/gcc/arm-none-eabi/5.4.1/../../../../arm-none-eabi/lib/armv7-m\libnosys_s.a(lseek.o)
 .ARM.attributes
                0x00000659       0x2d d:/usr/embitz/1.11/share/em_armgcc/bin/../lib/gcc/arm-none-eabi/5.4.1/../../../../arm-none-eabi/lib/armv7-m\libnosys_s.a(read.o)
 .ARM.attributes
                0x00000686       0x2d d:/usr/embitz/1.11/share/em_armgcc/bin/../lib/gcc/arm-none-eabi/5.4.1/../../../../arm-none-eabi/lib/armv7-m\libnosys_s.a(sbrk.o)
 .ARM.attributes
                0x000006b3       0x2d d:/usr/embitz/1.11/share/em_armgcc/bin/../lib/gcc/arm-none-eabi/5.4.1/../../../../arm-none-eabi/lib/armv7-m\libnosys_s.a(write.o)
 .ARM.attributes
                0x000006e0       0x2d d:/usr/embitz/1.11/share/em_armgcc/bin/../lib/gcc/arm-none-eabi/5.4.1/../../../../arm-none-eabi/lib/armv7-m\libnosys_s.a(_exit.o)
 .ARM.attributes
                0x0000070d       0x2d d:/usr/embitz/1.11/share/em_armgcc/bin/../lib/gcc/arm-none-eabi/5.4.1/armv7-m/crtend.o
 .ARM.attributes
                0x0000073a       0x1d d:/usr/embitz/1.11/share/em_armgcc/bin/../lib/gcc/arm-none-eabi/5.4.1/armv7-m/crtn.o

.comment        0x00000000       0x6e
 .comment       0x00000000       0x6e obj\debug\src\system_stm32f10x.o
                                 0x6f (size before relaxing)
 .comment       0x0000006e       0x6f obj\debug\src\main.o

.debug_line     0x00000000      0x655
 .debug_line    0x00000000       0xa8 obj\debug\src\startup_stm32f10x_md.o
 .debug_line    0x000000a8      0x2b2 obj\debug\src\system_stm32f10x.o
 .debug_line    0x0000035a      0x2fb obj\debug\src\main.o

.debug_info     0x00000000      0x654
 .debug_info    0x00000000       0x69 obj\debug\src\startup_stm32f10x_md.o
 .debug_info    0x00000069      0x4a4 obj\debug\src\system_stm32f10x.o
 .debug_info    0x0000050d      0x147 obj\debug\src\main.o

.debug_abbrev   0x00000000      0x228
 .debug_abbrev  0x00000000       0x14 obj\debug\src\startup_stm32f10x_md.o
 .debug_abbrev  0x00000014      0x153 obj\debug\src\system_stm32f10x.o
 .debug_abbrev  0x00000167       0xc1 obj\debug\src\main.o

.debug_aranges  0x00000000       0x98
 .debug_aranges
                0x00000000       0x20 obj\debug\src\startup_stm32f10x_md.o
 .debug_aranges
                0x00000020       0x38 obj\debug\src\system_stm32f10x.o
 .debug_aranges
                0x00000058       0x40 obj\debug\src\main.o

.debug_ranges   0x00000000       0x58
 .debug_ranges  0x00000000       0x28 obj\debug\src\system_stm32f10x.o
 .debug_ranges  0x00000028       0x30 obj\debug\src\main.o

.debug_macro    0x00000000     0xa551
 .debug_macro   0x00000000       0xab obj\debug\src\system_stm32f10x.o
 .debug_macro   0x000000ab      0x880 obj\debug\src\system_stm32f10x.o
 .debug_macro   0x0000092b       0x5d obj\debug\src\system_stm32f10x.o
 .debug_macro   0x00000988       0x3a obj\debug\src\system_stm32f10x.o
 .debug_macro   0x000009c2       0x22 obj\debug\src\system_stm32f10x.o
 .debug_macro   0x000009e4       0x87 obj\debug\src\system_stm32f10x.o
 .debug_macro   0x00000a6b       0x44 obj\debug\src\system_stm32f10x.o
 .debug_macro   0x00000aaf       0xfd obj\debug\src\system_stm32f10x.o
 .debug_macro   0x00000bac       0x5e obj\debug\src\system_stm32f10x.o
 .debug_macro   0x00000c0a      0x1df obj\debug\src\system_stm32f10x.o
 .debug_macro   0x00000de9       0x18 obj\debug\src\system_stm32f10x.o
 .debug_macro   0x00000e01      0xa36 obj\debug\src\system_stm32f10x.o
 .debug_macro   0x00001837     0x7ee4 obj\debug\src\system_stm32f10x.o
 .debug_macro   0x0000971b      0x19c obj\debug\src\main.o
 .debug_macro   0x000098b7       0x4c obj\debug\src\main.o
 .debug_macro   0x00009903       0x8d obj\debug\src\main.o
 .debug_macro   0x00009990       0x35 obj\debug\src\main.o
 .debug_macro   0x000099c5       0x9c obj\debug\src\main.o
 .debug_macro   0x00009a61       0x16 obj\debug\src\main.o
 .debug_macro   0x00009a77       0x4a obj\debug\src\main.o
 .debug_macro   0x00009ac1       0x97 obj\debug\src\main.o
 .debug_macro   0x00009b58      0x30d obj\debug\src\main.o
 .debug_macro   0x00009e65       0xfd obj\debug\src\main.o
 .debug_macro   0x00009f62       0x10 obj\debug\src\main.o
 .debug_macro   0x00009f72       0x52 obj\debug\src\main.o
 .debug_macro   0x00009fc4       0x1f obj\debug\src\main.o
 .debug_macro   0x00009fe3       0x43 obj\debug\src\main.o
 .debug_macro   0x0000a026       0x20 obj\debug\src\main.o
 .debug_macro   0x0000a046      0x187 obj\debug\src\main.o
 .debug_macro   0x0000a1cd       0x10 obj\debug\src\main.o
 .debug_macro   0x0000a1dd       0x1c obj\debug\src\main.o
 .debug_macro   0x0000a1f9       0x52 obj\debug\src\main.o
 .debug_macro   0x0000a24b       0x40 obj\debug\src\main.o
 .debug_macro   0x0000a28b       0x10 obj\debug\src\main.o
 .debug_macro   0x0000a29b       0x40 obj\debug\src\main.o
 .debug_macro   0x0000a2db       0xd7 obj\debug\src\main.o
 .debug_macro   0x0000a3b2       0x16 obj\debug\src\main.o
 .debug_macro   0x0000a3c8      0x189 obj\debug\src\main.o

.debug_str      0x00000000    0x36e96
 .debug_str     0x00000000    0x3326e obj\debug\src\system_stm32f10x.o
                              0x333f5 (size before relaxing)
 .debug_str     0x0003326e     0x3c28 obj\debug\src\main.o
                               0x6629 (size before relaxing)

.debug_frame    0x00000000      0x9e4
 .debug_frame   0x00000000       0x98 obj\debug\src\system_stm32f10x.o
 .debug_frame   0x00000098       0xb0 obj\debug\src\main.o
 .debug_frame   0x00000148       0x28 d:/usr/embitz/1.11/share/em_armgcc/bin/../lib/gcc/arm-none-eabi/5.4.1/../../../../arm-none-eabi/lib/armv7-m\libg_n.a(lib_a-exit.o)
 .debug_frame   0x00000170       0x2c d:/usr/embitz/1.11/share/em_armgcc/bin/../lib/gcc/arm-none-eabi/5.4.1/../../../../arm-none-eabi/lib/armv7-m\libg_n.a(lib_a-init.o)
 .debug_frame   0x0000019c       0x20 d:/usr/embitz/1.11/share/em_armgcc/bin/../lib/gcc/arm-none-eabi/5.4.1/../../../../arm-none-eabi/lib/armv7-m\libg_n.a(lib_a-memset.o)
 .debug_frame   0x000001bc       0x74 d:/usr/embitz/1.11/share/em_armgcc/bin/../lib/gcc/arm-none-eabi/5.4.1/../../../../arm-none-eabi/lib/armv7-m\libg_n.a(lib_a-printf.o)
 .debug_frame   0x00000230       0x3c d:/usr/embitz/1.11/share/em_armgcc/bin/../lib/gcc/arm-none-eabi/5.4.1/../../../../arm-none-eabi/lib/armv7-m\libg_n.a(lib_a-puts.o)
 .debug_frame   0x0000026c       0x40 d:/usr/embitz/1.11/share/em_armgcc/bin/../lib/gcc/arm-none-eabi/5.4.1/../../../../arm-none-eabi/lib/armv7-m\libg_n.a(lib_a-wbuf.o)
 .debug_frame   0x000002ac       0x2c d:/usr/embitz/1.11/share/em_armgcc/bin/../lib/gcc/arm-none-eabi/5.4.1/../../../../arm-none-eabi/lib/armv7-m\libg_n.a(lib_a-wsetup.o)
 .debug_frame   0x000002d8       0x68 d:/usr/embitz/1.11/share/em_armgcc/bin/../lib/gcc/arm-none-eabi/5.4.1/../../../../arm-none-eabi/lib/armv7-m\libg_n.a(lib_a-fflush.o)
 .debug_frame   0x00000340      0x11c d:/usr/embitz/1.11/share/em_armgcc/bin/../lib/gcc/arm-none-eabi/5.4.1/../../../../arm-none-eabi/lib/armv7-m\libg_n.a(lib_a-findfp.o)
 .debug_frame   0x0000045c       0x54 d:/usr/embitz/1.11/share/em_armgcc/bin/../lib/gcc/arm-none-eabi/5.4.1/../../../../arm-none-eabi/lib/armv7-m\libg_n.a(lib_a-fwalk.o)
 .debug_frame   0x000004b0       0x54 d:/usr/embitz/1.11/share/em_armgcc/bin/../lib/gcc/arm-none-eabi/5.4.1/../../../../arm-none-eabi/lib/armv7-m\libg_n.a(lib_a-makebuf.o)
 .debug_frame   0x00000504       0x38 d:/usr/embitz/1.11/share/em_armgcc/bin/../lib/gcc/arm-none-eabi/5.4.1/../../../../arm-none-eabi/lib/armv7-m\libg_n.a(lib_a-nano-freer.o)
 .debug_frame   0x0000053c       0x2c d:/usr/embitz/1.11/share/em_armgcc/bin/../lib/gcc/arm-none-eabi/5.4.1/../../../../arm-none-eabi/lib/armv7-m\libg_n.a(lib_a-nano-mallocr.o)
 .debug_frame   0x00000568       0xac d:/usr/embitz/1.11/share/em_armgcc/bin/../lib/gcc/arm-none-eabi/5.4.1/../../../../arm-none-eabi/lib/armv7-m\libg_n.a(lib_a-nano-vfprintf.o)
 .debug_frame   0x00000614       0x60 d:/usr/embitz/1.11/share/em_armgcc/bin/../lib/gcc/arm-none-eabi/5.4.1/../../../../arm-none-eabi/lib/armv7-m\libg_n.a(lib_a-nano-vfprintf_i.o)
 .debug_frame   0x00000674       0x2c d:/usr/embitz/1.11/share/em_armgcc/bin/../lib/gcc/arm-none-eabi/5.4.1/../../../../arm-none-eabi/lib/armv7-m\libg_n.a(lib_a-sbrkr.o)
 .debug_frame   0x000006a0       0x88 d:/usr/embitz/1.11/share/em_armgcc/bin/../lib/gcc/arm-none-eabi/5.4.1/../../../../arm-none-eabi/lib/armv7-m\libg_n.a(lib_a-stdio.o)
 .debug_frame   0x00000728       0x2c d:/usr/embitz/1.11/share/em_armgcc/bin/../lib/gcc/arm-none-eabi/5.4.1/../../../../arm-none-eabi/lib/armv7-m\libg_n.a(lib_a-writer.o)
 .debug_frame   0x00000754       0x2c d:/usr/embitz/1.11/share/em_armgcc/bin/../lib/gcc/arm-none-eabi/5.4.1/../../../../arm-none-eabi/lib/armv7-m\libg_n.a(lib_a-closer.o)
 .debug_frame   0x00000780       0x2c d:/usr/embitz/1.11/share/em_armgcc/bin/../lib/gcc/arm-none-eabi/5.4.1/../../../../arm-none-eabi/lib/armv7-m\libg_n.a(lib_a-fstatr.o)
 .debug_frame   0x000007ac       0x2c d:/usr/embitz/1.11/share/em_armgcc/bin/../lib/gcc/arm-none-eabi/5.4.1/../../../../arm-none-eabi/lib/armv7-m\libg_n.a(lib_a-isattyr.o)
 .debug_frame   0x000007d8       0x2c d:/usr/embitz/1.11/share/em_armgcc/bin/../lib/gcc/arm-none-eabi/5.4.1/../../../../arm-none-eabi/lib/armv7-m\libg_n.a(lib_a-lseekr.o)
 .debug_frame   0x00000804       0x28 d:/usr/embitz/1.11/share/em_armgcc/bin/../lib/gcc/arm-none-eabi/5.4.1/../../../../arm-none-eabi/lib/armv7-m\libg_n.a(lib_a-memchr-stub.o)
 .debug_frame   0x0000082c       0x30 d:/usr/embitz/1.11/share/em_armgcc/bin/../lib/gcc/arm-none-eabi/5.4.1/../../../../arm-none-eabi/lib/armv7-m\libg_n.a(lib_a-mlock.o)
 .debug_frame   0x0000085c       0x2c d:/usr/embitz/1.11/share/em_armgcc/bin/../lib/gcc/arm-none-eabi/5.4.1/../../../../arm-none-eabi/lib/armv7-m\libg_n.a(lib_a-readr.o)
 .debug_frame   0x00000888       0x5c d:/usr/embitz/1.11/share/em_armgcc/bin/../lib/gcc/arm-none-eabi/5.4.1/../../../../arm-none-eabi/lib/armv7-m\libg_n.a(lib_a-reent.o)
 .debug_frame   0x000008e4       0x20 d:/usr/embitz/1.11/share/em_armgcc/bin/../lib/gcc/arm-none-eabi/5.4.1/../../../../arm-none-eabi/lib/armv7-m\libnosys_s.a(close.o)
 .debug_frame   0x00000904       0x20 d:/usr/embitz/1.11/share/em_armgcc/bin/../lib/gcc/arm-none-eabi/5.4.1/../../../../arm-none-eabi/lib/armv7-m\libnosys_s.a(fstat.o)
 .debug_frame   0x00000924       0x20 d:/usr/embitz/1.11/share/em_armgcc/bin/../lib/gcc/arm-none-eabi/5.4.1/../../../../arm-none-eabi/lib/armv7-m\libnosys_s.a(isatty.o)
 .debug_frame   0x00000944       0x20 d:/usr/embitz/1.11/share/em_armgcc/bin/../lib/gcc/arm-none-eabi/5.4.1/../../../../arm-none-eabi/lib/armv7-m\libnosys_s.a(lseek.o)
 .debug_frame   0x00000964       0x20 d:/usr/embitz/1.11/share/em_armgcc/bin/../lib/gcc/arm-none-eabi/5.4.1/../../../../arm-none-eabi/lib/armv7-m\libnosys_s.a(read.o)
 .debug_frame   0x00000984       0x20 d:/usr/embitz/1.11/share/em_armgcc/bin/../lib/gcc/arm-none-eabi/5.4.1/../../../../arm-none-eabi/lib/armv7-m\libnosys_s.a(sbrk.o)
 .debug_frame   0x000009a4       0x20 d:/usr/embitz/1.11/share/em_armgcc/bin/../lib/gcc/arm-none-eabi/5.4.1/../../../../arm-none-eabi/lib/armv7-m\libnosys_s.a(write.o)
 .debug_frame   0x000009c4       0x20 d:/usr/embitz/1.11/share/em_armgcc/bin/../lib/gcc/arm-none-eabi/5.4.1/../../../../arm-none-eabi/lib/armv7-m\libnosys_s.a(_exit.o)

.stab           0x00000000       0x9c
 .stab          0x00000000       0x24 d:/usr/embitz/1.11/share/em_armgcc/bin/../lib/gcc/arm-none-eabi/5.4.1/../../../../arm-none-eabi/lib/armv7-m\libnosys_s.a(close.o)
 .stab          0x00000024       0x18 d:/usr/embitz/1.11/share/em_armgcc/bin/../lib/gcc/arm-none-eabi/5.4.1/../../../../arm-none-eabi/lib/armv7-m\libnosys_s.a(fstat.o)
                                 0x24 (size before relaxing)
 .stab          0x0000003c       0x18 d:/usr/embitz/1.11/share/em_armgcc/bin/../lib/gcc/arm-none-eabi/5.4.1/../../../../arm-none-eabi/lib/armv7-m\libnosys_s.a(isatty.o)
                                 0x24 (size before relaxing)
 .stab          0x00000054       0x18 d:/usr/embitz/1.11/share/em_armgcc/bin/../lib/gcc/arm-none-eabi/5.4.1/../../../../arm-none-eabi/lib/armv7-m\libnosys_s.a(lseek.o)
                                 0x24 (size before relaxing)
 .stab          0x0000006c       0x18 d:/usr/embitz/1.11/share/em_armgcc/bin/../lib/gcc/arm-none-eabi/5.4.1/../../../../arm-none-eabi/lib/armv7-m\libnosys_s.a(read.o)
                                 0x24 (size before relaxing)
 .stab          0x00000084       0x18 d:/usr/embitz/1.11/share/em_armgcc/bin/../lib/gcc/arm-none-eabi/5.4.1/../../../../arm-none-eabi/lib/armv7-m\libnosys_s.a(write.o)
                                 0x24 (size before relaxing)

.stabstr        0x00000000      0x14d
 .stabstr       0x00000000      0x14d d:/usr/embitz/1.11/share/em_armgcc/bin/../lib/gcc/arm-none-eabi/5.4.1/../../../../arm-none-eabi/lib/armv7-m\libnosys_s.a(close.o)
