Archive member included to satisfy reference by file (symbol)

d:/usr/embitz/1.11/share/em_armgcc/bin/../lib/gcc/arm-none-eabi/5.4.1/../../../../arm-none-eabi/lib/armv7-m\libg_n.a(lib_a-exit.o)
                              d:/usr/embitz/1.11/share/em_armgcc/bin/../lib/gcc/arm-none-eabi/5.4.1/../../../../arm-none-eabi/lib/armv7-m/crt0.o (exit)
d:/usr/embitz/1.11/share/em_armgcc/bin/../lib/gcc/arm-none-eabi/5.4.1/../../../../arm-none-eabi/lib/armv7-m\libg_n.a(lib_a-impure.o)
                              d:/usr/embitz/1.11/share/em_armgcc/bin/../lib/gcc/arm-none-eabi/5.4.1/../../../../arm-none-eabi/lib/armv7-m\libg_n.a(lib_a-exit.o) (_global_impure_ptr)
d:/usr/embitz/1.11/share/em_armgcc/bin/../lib/gcc/arm-none-eabi/5.4.1/../../../../arm-none-eabi/lib/armv7-m\libg_n.a(lib_a-init.o)
                              d:/usr/embitz/1.11/share/em_armgcc/bin/../lib/gcc/arm-none-eabi/5.4.1/../../../../arm-none-eabi/lib/armv7-m/crt0.o (__libc_init_array)
d:/usr/embitz/1.11/share/em_armgcc/bin/../lib/gcc/arm-none-eabi/5.4.1/../../../../arm-none-eabi/lib/armv7-m\libg_n.a(lib_a-memset.o)
                              d:/usr/embitz/1.11/share/em_armgcc/bin/../lib/gcc/arm-none-eabi/5.4.1/../../../../arm-none-eabi/lib/armv7-m/crt0.o (memset)
d:/usr/embitz/1.11/share/em_armgcc/bin/../lib/gcc/arm-none-eabi/5.4.1/../../../../arm-none-eabi/lib/armv7-m\libnosys_s.a(_exit.o)
                              d:/usr/embitz/1.11/share/em_armgcc/bin/../lib/gcc/arm-none-eabi/5.4.1/../../../../arm-none-eabi/lib/armv7-m\libg_n.a(lib_a-exit.o) (_exit)

Discarded input sections

 .text          0x00000000        0x0 d:/usr/embitz/1.11/share/em_armgcc/bin/../lib/gcc/arm-none-eabi/5.4.1/armv7-m/crti.o
 .data          0x00000000        0x0 d:/usr/embitz/1.11/share/em_armgcc/bin/../lib/gcc/arm-none-eabi/5.4.1/armv7-m/crti.o
 .bss           0x00000000        0x0 d:/usr/embitz/1.11/share/em_armgcc/bin/../lib/gcc/arm-none-eabi/5.4.1/armv7-m/crti.o
 .data          0x00000000        0x4 d:/usr/embitz/1.11/share/em_armgcc/bin/../lib/gcc/arm-none-eabi/5.4.1/armv7-m/crtbegin.o
 .data          0x00000000        0x0 d:/usr/embitz/1.11/share/em_armgcc/bin/../lib/gcc/arm-none-eabi/5.4.1/../../../../arm-none-eabi/lib/armv7-m/crt0.o
 .bss           0x00000000        0x0 d:/usr/embitz/1.11/share/em_armgcc/bin/../lib/gcc/arm-none-eabi/5.4.1/../../../../arm-none-eabi/lib/armv7-m/crt0.o
 .ARM.extab     0x00000000        0x0 d:/usr/embitz/1.11/share/em_armgcc/bin/../lib/gcc/arm-none-eabi/5.4.1/../../../../arm-none-eabi/lib/armv7-m/crt0.o
 .data          0x00000000        0x0 obj\debug\src\startup_stm32f10x_md.o
 .bss           0x00000000        0x0 obj\debug\src\startup_stm32f10x_md.o
 .group         0x00000000        0x8 obj\debug\src\system_stm32f10x.o
 .group         0x00000000        0x8 obj\debug\src\system_stm32f10x.o
 .group         0x00000000        0x8 obj\debug\src\system_stm32f10x.o
 .group         0x00000000        0x8 obj\debug\src\system_stm32f10x.o
 .group         0x00000000        0x8 obj\debug\src\system_stm32f10x.o
 .group         0x00000000        0x8 obj\debug\src\system_stm32f10x.o
 .group         0x00000000        0x8 obj\debug\src\system_stm32f10x.o
 .group         0x00000000        0x8 obj\debug\src\system_stm32f10x.o
 .group         0x00000000        0x8 obj\debug\src\system_stm32f10x.o
 .group         0x00000000        0x8 obj\debug\src\system_stm32f10x.o
 .group         0x00000000        0x8 obj\debug\src\system_stm32f10x.o
 .group         0x00000000        0x8 obj\debug\src\system_stm32f10x.o
 .text          0x00000000        0x0 obj\debug\src\system_stm32f10x.o
 .data          0x00000000        0x0 obj\debug\src\system_stm32f10x.o
 .bss           0x00000000        0x0 obj\debug\src\system_stm32f10x.o
 .data.SystemCoreClock
                0x00000000        0x4 obj\debug\src\system_stm32f10x.o
 .data.AHBPrescTable
                0x00000000       0x10 obj\debug\src\system_stm32f10x.o
 .text.SystemCoreClockUpdate
                0x00000000       0xd8 obj\debug\src\system_stm32f10x.o
 .group         0x00000000        0x8 obj\debug\src\main.o
 .group         0x00000000        0x8 obj\debug\src\main.o
 .text          0x00000000        0x0 obj\debug\src\main.o
 .data          0x00000000        0x0 obj\debug\src\main.o
 .bss           0x00000000        0x0 obj\debug\src\main.o
 .text.flash_latency
                0x00000000       0x34 obj\debug\src\main.o
 .text.set_clk  0x00000000       0xa0 obj\debug\src\main.o
 .text.init_uart1
                0x00000000       0x64 obj\debug\src\main.o
 .text.init_uart2
                0x00000000       0x7c obj\debug\src\main.o
 .text.delay_us
                0x00000000       0x44 obj\debug\src\main.o
 .debug_macro   0x00000000      0x880 obj\debug\src\main.o
 .text          0x00000000        0x0 d:/usr/embitz/1.11/share/em_armgcc/bin/../lib/gcc/arm-none-eabi/5.4.1/../../../../arm-none-eabi/lib/armv7-m\libg_n.a(lib_a-exit.o)
 .data          0x00000000        0x0 d:/usr/embitz/1.11/share/em_armgcc/bin/../lib/gcc/arm-none-eabi/5.4.1/../../../../arm-none-eabi/lib/armv7-m\libg_n.a(lib_a-exit.o)
 .bss           0x00000000        0x0 d:/usr/embitz/1.11/share/em_armgcc/bin/../lib/gcc/arm-none-eabi/5.4.1/../../../../arm-none-eabi/lib/armv7-m\libg_n.a(lib_a-exit.o)
 .text          0x00000000        0x0 d:/usr/embitz/1.11/share/em_armgcc/bin/../lib/gcc/arm-none-eabi/5.4.1/../../../../arm-none-eabi/lib/armv7-m\libg_n.a(lib_a-impure.o)
 .data          0x00000000        0x0 d:/usr/embitz/1.11/share/em_armgcc/bin/../lib/gcc/arm-none-eabi/5.4.1/../../../../arm-none-eabi/lib/armv7-m\libg_n.a(lib_a-impure.o)
 .bss           0x00000000        0x0 d:/usr/embitz/1.11/share/em_armgcc/bin/../lib/gcc/arm-none-eabi/5.4.1/../../../../arm-none-eabi/lib/armv7-m\libg_n.a(lib_a-impure.o)
 .data._impure_ptr
                0x00000000        0x4 d:/usr/embitz/1.11/share/em_armgcc/bin/../lib/gcc/arm-none-eabi/5.4.1/../../../../arm-none-eabi/lib/armv7-m\libg_n.a(lib_a-impure.o)
 .text          0x00000000        0x0 d:/usr/embitz/1.11/share/em_armgcc/bin/../lib/gcc/arm-none-eabi/5.4.1/../../../../arm-none-eabi/lib/armv7-m\libg_n.a(lib_a-init.o)
 .data          0x00000000        0x0 d:/usr/embitz/1.11/share/em_armgcc/bin/../lib/gcc/arm-none-eabi/5.4.1/../../../../arm-none-eabi/lib/armv7-m\libg_n.a(lib_a-init.o)
 .bss           0x00000000        0x0 d:/usr/embitz/1.11/share/em_armgcc/bin/../lib/gcc/arm-none-eabi/5.4.1/../../../../arm-none-eabi/lib/armv7-m\libg_n.a(lib_a-init.o)
 .text          0x00000000        0x0 d:/usr/embitz/1.11/share/em_armgcc/bin/../lib/gcc/arm-none-eabi/5.4.1/../../../../arm-none-eabi/lib/armv7-m\libg_n.a(lib_a-memset.o)
 .data          0x00000000        0x0 d:/usr/embitz/1.11/share/em_armgcc/bin/../lib/gcc/arm-none-eabi/5.4.1/../../../../arm-none-eabi/lib/armv7-m\libg_n.a(lib_a-memset.o)
 .bss           0x00000000        0x0 d:/usr/embitz/1.11/share/em_armgcc/bin/../lib/gcc/arm-none-eabi/5.4.1/../../../../arm-none-eabi/lib/armv7-m\libg_n.a(lib_a-memset.o)
 .text          0x00000000        0x0 d:/usr/embitz/1.11/share/em_armgcc/bin/../lib/gcc/arm-none-eabi/5.4.1/../../../../arm-none-eabi/lib/armv7-m\libnosys_s.a(_exit.o)
 .data          0x00000000        0x0 d:/usr/embitz/1.11/share/em_armgcc/bin/../lib/gcc/arm-none-eabi/5.4.1/../../../../arm-none-eabi/lib/armv7-m\libnosys_s.a(_exit.o)
 .bss           0x00000000        0x0 d:/usr/embitz/1.11/share/em_armgcc/bin/../lib/gcc/arm-none-eabi/5.4.1/../../../../arm-none-eabi/lib/armv7-m\libnosys_s.a(_exit.o)
 .text          0x00000000        0x0 d:/usr/embitz/1.11/share/em_armgcc/bin/../lib/gcc/arm-none-eabi/5.4.1/armv7-m/crtend.o
 .data          0x00000000        0x0 d:/usr/embitz/1.11/share/em_armgcc/bin/../lib/gcc/arm-none-eabi/5.4.1/armv7-m/crtend.o
 .bss           0x00000000        0x0 d:/usr/embitz/1.11/share/em_armgcc/bin/../lib/gcc/arm-none-eabi/5.4.1/armv7-m/crtend.o
 .jcr           0x00000000        0x4 d:/usr/embitz/1.11/share/em_armgcc/bin/../lib/gcc/arm-none-eabi/5.4.1/armv7-m/crtend.o
 .text          0x00000000        0x0 d:/usr/embitz/1.11/share/em_armgcc/bin/../lib/gcc/arm-none-eabi/5.4.1/armv7-m/crtn.o
 .data          0x00000000        0x0 d:/usr/embitz/1.11/share/em_armgcc/bin/../lib/gcc/arm-none-eabi/5.4.1/armv7-m/crtn.o
 .bss           0x00000000        0x0 d:/usr/embitz/1.11/share/em_armgcc/bin/../lib/gcc/arm-none-eabi/5.4.1/armv7-m/crtn.o

Memory Configuration

Name             Origin             Length             Attributes
ROM              0x08000000         0x00020000         xr
RAM              0x20000000         0x00005000         xrw
*default*        0x00000000         0xffffffff

Linker script and memory map

LOAD d:/usr/embitz/1.11/share/em_armgcc/bin/../lib/gcc/arm-none-eabi/5.4.1/armv7-m/crti.o
LOAD d:/usr/embitz/1.11/share/em_armgcc/bin/../lib/gcc/arm-none-eabi/5.4.1/armv7-m/crtbegin.o
LOAD d:/usr/embitz/1.11/share/em_armgcc/bin/../lib/gcc/arm-none-eabi/5.4.1/../../../../arm-none-eabi/lib/armv7-m/crt0.o
                0x00000400                __HEAP_SIZE = 0x400
                0x00000100                __STACK_SIZE = 0x100

.text           0x08000000      0x554
 *(.isr_vector)
 .isr_vector    0x08000000       0xec obj\debug\src\startup_stm32f10x_md.o
                0x08000000                __isr_vector
 *(.text*)
 .text          0x080000ec       0x5c d:/usr/embitz/1.11/share/em_armgcc/bin/../lib/gcc/arm-none-eabi/5.4.1/armv7-m/crtbegin.o
 .text          0x08000148       0x74 d:/usr/embitz/1.11/share/em_armgcc/bin/../lib/gcc/arm-none-eabi/5.4.1/../../../../arm-none-eabi/lib/armv7-m/crt0.o
                0x08000148                _start
                0x08000148                _mainCRTStartup
 .text          0x080001bc       0xb8 obj\debug\src\startup_stm32f10x_md.o
                0x080001bc                Reset_Handler
                0x08000202                NMI_Handler
                0x08000204                HardFault_Handler
                0x08000206                MemManage_Handler
                0x08000208                BusFault_Handler
                0x0800020a                UsageFault_Handler
                0x0800020c                SVC_Handler
                0x0800020e                DebugMon_Handler
                0x08000210                PendSV_Handler
                0x08000212                SysTick_Handler
                0x08000214                Default_Handler
                0x08000216                WWDG_IRQHandler
                0x08000218                PVD_IRQHandler
                0x0800021a                TAMPER_IRQHandler
                0x0800021c                RTC_IRQHandler
                0x0800021e                FLASH_IRQHandler
                0x08000220                RCC_IRQHandler
                0x08000222                EXTI0_IRQHandler
                0x08000224                EXTI1_IRQHandler
                0x08000226                EXTI2_IRQHandler
                0x08000228                EXTI3_IRQHandler
                0x0800022a                EXTI4_IRQHandler
                0x0800022c                DMA1_Channel1_IRQHandler
                0x0800022e                DMA1_Channel2_IRQHandler
                0x08000230                DMA1_Channel3_IRQHandler
                0x08000232                DMA1_Channel4_IRQHandler
                0x08000234                DMA1_Channel5_IRQHandler
                0x08000236                DMA1_Channel6_IRQHandler
                0x08000238                DMA1_Channel7_IRQHandler
                0x0800023a                ADC1_2_IRQHandler
                0x0800023c                USB_HP_CAN1_TX_IRQHandler
                0x0800023e                USB_LP_CAN1_RX0_IRQHandler
                0x08000240                CAN1_RX1_IRQHandler
                0x08000242                CAN1_SCE_IRQHandler
                0x08000244                EXTI9_5_IRQHandler
                0x08000246                TIM1_BRK_IRQHandler
                0x08000248                TIM1_UP_IRQHandler
                0x0800024a                TIM1_TRG_COM_IRQHandler
                0x0800024c                TIM1_CC_IRQHandler
                0x0800024e                TIM2_IRQHandler
                0x08000250                TIM3_IRQHandler
                0x08000252                TIM4_IRQHandler
                0x08000254                I2C1_EV_IRQHandler
                0x08000256                I2C1_ER_IRQHandler
                0x08000258                I2C2_EV_IRQHandler
                0x0800025a                I2C2_ER_IRQHandler
                0x0800025c                SPI1_IRQHandler
                0x0800025e                SPI2_IRQHandler
                0x08000260                USART1_IRQHandler
                0x08000262                USART2_IRQHandler
                0x08000264                USART3_IRQHandler
                0x08000266                EXTI15_10_IRQHandler
                0x08000268                RTCAlarm_IRQHandler
                0x0800026a                USBWakeUp_IRQHandler
 .text.SystemInit
                0x08000274       0x68 obj\debug\src\system_stm32f10x.o
                0x08000274                SystemInit
 .text.SetSysClock
                0x080002dc        0xc obj\debug\src\system_stm32f10x.o
 .text.SetSysClockTo72
                0x080002e8      0x100 obj\debug\src\system_stm32f10x.o
 .text.delay_ms
                0x080003e8       0x64 obj\debug\src\main.o
                0x080003e8                delay_ms
 .text.init_GPIO
                0x0800044c       0x38 obj\debug\src\main.o
                0x0800044c                init_GPIO
 .text.main     0x08000484       0x24 obj\debug\src\main.o
                0x08000484                main
 .text.exit     0x080004a8       0x28 d:/usr/embitz/1.11/share/em_armgcc/bin/../lib/gcc/arm-none-eabi/5.4.1/../../../../arm-none-eabi/lib/armv7-m\libg_n.a(lib_a-exit.o)
                0x080004a8                exit
 .text.__libc_init_array
                0x080004d0       0x4c d:/usr/embitz/1.11/share/em_armgcc/bin/../lib/gcc/arm-none-eabi/5.4.1/../../../../arm-none-eabi/lib/armv7-m\libg_n.a(lib_a-init.o)
                0x080004d0                __libc_init_array
 .text.memset   0x0800051c       0x10 d:/usr/embitz/1.11/share/em_armgcc/bin/../lib/gcc/arm-none-eabi/5.4.1/../../../../arm-none-eabi/lib/armv7-m\libg_n.a(lib_a-memset.o)
                0x0800051c                memset
 .text._exit    0x0800052c        0x2 d:/usr/embitz/1.11/share/em_armgcc/bin/../lib/gcc/arm-none-eabi/5.4.1/../../../../arm-none-eabi/lib/armv7-m\libnosys_s.a(_exit.o)
                0x0800052c                _exit
 *(.init)
 *fill*         0x0800052e        0x2 
 .init          0x08000530        0x4 d:/usr/embitz/1.11/share/em_armgcc/bin/../lib/gcc/arm-none-eabi/5.4.1/armv7-m/crti.o
                0x08000530                _init
 .init          0x08000534        0x8 d:/usr/embitz/1.11/share/em_armgcc/bin/../lib/gcc/arm-none-eabi/5.4.1/armv7-m/crtn.o
 *(.fini)
 .fini          0x0800053c        0x4 d:/usr/embitz/1.11/share/em_armgcc/bin/../lib/gcc/arm-none-eabi/5.4.1/armv7-m/crti.o
                0x0800053c                _fini
 .fini          0x08000540        0x8 d:/usr/embitz/1.11/share/em_armgcc/bin/../lib/gcc/arm-none-eabi/5.4.1/armv7-m/crtn.o
 *crtbegin.o(.ctors)
 *crtbegin?.o(.ctors)
 *(EXCLUDE_FILE(*crtend.o *crtend?.o) .ctors)
 *(SORT(.ctors.*))
 *(.ctors)
 *crtbegin.o(.dtors)
 *crtbegin?.o(.dtors)
 *(EXCLUDE_FILE(*crtend.o *crtend?.o) .dtors)
 *(SORT(.dtors.*))
 *(.dtors)
 *(.rodata*)
 .rodata.str1.1
                0x08000548        0x2 d:/usr/embitz/1.11/share/em_armgcc/bin/../lib/gcc/arm-none-eabi/5.4.1/../../../../arm-none-eabi/lib/armv7-m\libg_n.a(lib_a-impure.o)
 *fill*         0x0800054a        0x2 
 .rodata._global_impure_ptr
                0x0800054c        0x4 d:/usr/embitz/1.11/share/em_armgcc/bin/../lib/gcc/arm-none-eabi/5.4.1/../../../../arm-none-eabi/lib/armv7-m\libg_n.a(lib_a-impure.o)
                0x0800054c                _global_impure_ptr
 *(.eh_frame*)
 .eh_frame      0x08000550        0x0 d:/usr/embitz/1.11/share/em_armgcc/bin/../lib/gcc/arm-none-eabi/5.4.1/armv7-m/crtbegin.o
 .eh_frame      0x08000550        0x4 d:/usr/embitz/1.11/share/em_armgcc/bin/../lib/gcc/arm-none-eabi/5.4.1/armv7-m/crtend.o

.glue_7         0x08000554        0x0
 .glue_7        0x08000554        0x0 linker stubs

.glue_7t        0x08000554        0x0
 .glue_7t       0x08000554        0x0 linker stubs

.vfp11_veneer   0x08000554        0x0
 .vfp11_veneer  0x08000554        0x0 linker stubs

.v4_bx          0x08000554        0x0
 .v4_bx         0x08000554        0x0 linker stubs

.iplt           0x08000554        0x0
 .iplt          0x08000554        0x0 d:/usr/embitz/1.11/share/em_armgcc/bin/../lib/gcc/arm-none-eabi/5.4.1/armv7-m/crtbegin.o

.ARM.extab
 *(.ARM.extab* .gnu.linkonce.armextab.*)
                0x08000554                __exidx_start = .

.ARM.exidx      0x08000554        0x8
 *(.ARM.exidx* .gnu.linkonce.armexidx.*)
 .ARM.exidx     0x08000554        0x8 d:/usr/embitz/1.11/share/em_armgcc/bin/../lib/gcc/arm-none-eabi/5.4.1/../../../../arm-none-eabi/lib/armv7-m/crt0.o
                0x0800055c                __exidx_end = .
                0x0800055c                __etext = .

.rel.dyn        0x0800055c        0x0
 .rel.iplt      0x0800055c        0x0 d:/usr/embitz/1.11/share/em_armgcc/bin/../lib/gcc/arm-none-eabi/5.4.1/armv7-m/crtbegin.o

.data           0x20000000       0x68 load address 0x0800055c
                0x20000000                __data_start__ = .
 *(vtable)
 *(.data*)
 .data.impure_data
                0x20000000       0x60 d:/usr/embitz/1.11/share/em_armgcc/bin/../lib/gcc/arm-none-eabi/5.4.1/../../../../arm-none-eabi/lib/armv7-m\libg_n.a(lib_a-impure.o)
                0x20000060                . = ALIGN (0x4)
                0x20000060                PROVIDE (__preinit_array_start, .)
 *(.preinit_array)
                0x20000060                PROVIDE (__preinit_array_end, .)
                0x20000060                . = ALIGN (0x4)
                0x20000060                PROVIDE (__init_array_start, .)
 *(SORT(.init_array.*))
 *(.init_array)
 .init_array    0x20000060        0x4 d:/usr/embitz/1.11/share/em_armgcc/bin/../lib/gcc/arm-none-eabi/5.4.1/armv7-m/crtbegin.o
                0x20000064                PROVIDE (__init_array_end, .)
                0x20000064                . = ALIGN (0x4)
                [!provide]                PROVIDE (__fini_array_start, .)
 *(SORT(.fini_array.*))
 *(.fini_array)
 .fini_array    0x20000064        0x4 d:/usr/embitz/1.11/share/em_armgcc/bin/../lib/gcc/arm-none-eabi/5.4.1/armv7-m/crtbegin.o
                [!provide]                PROVIDE (__fini_array_end, .)
                0x20000068                . = ALIGN (0x4)
                0x20000068                __data_end__ = .

.jcr            0x20000068        0x0 load address 0x080005c4
 .jcr           0x20000068        0x0 d:/usr/embitz/1.11/share/em_armgcc/bin/../lib/gcc/arm-none-eabi/5.4.1/armv7-m/crtbegin.o

.igot.plt       0x20000068        0x0 load address 0x080005c4
 .igot.plt      0x20000068        0x0 d:/usr/embitz/1.11/share/em_armgcc/bin/../lib/gcc/arm-none-eabi/5.4.1/armv7-m/crtbegin.o

.bss            0x20000068       0x1c load address 0x080005c4
                0x20000068                __bss_start__ = .
 *(.bss*)
 .bss           0x20000068       0x1c d:/usr/embitz/1.11/share/em_armgcc/bin/../lib/gcc/arm-none-eabi/5.4.1/armv7-m/crtbegin.o
 *(COMMON)
                0x20000084                __bss_end__ = .

.heap           0x20000088      0x400
                0x20000088                __end__ = .
                0x20000088                end = __end__
 *(.heap*)
 .heap          0x20000088      0x400 obj\debug\src\startup_stm32f10x_md.o
                0x20000088                __HeapBase
                0x20000488                __HeapLimit = .

.stack_dummy    0x20000088      0x100
 *(.stack)
 .stack         0x20000088      0x100 obj\debug\src\startup_stm32f10x_md.o
                0x20005000                __StackTop = (ORIGIN (RAM) + LENGTH (RAM))
                0x20004f00                __StackLimit = (__StackTop - SIZEOF (.stack_dummy))
                0x20005000                PROVIDE (__stack, __StackTop)
                0x00000001                ASSERT ((__StackLimit >= __HeapLimit), region RAM overflowed with stack)
LOAD obj\debug\src\startup_stm32f10x_md.o
LOAD obj\debug\src\system_stm32f10x.o
LOAD obj\debug\src\main.o
START GROUP
LOAD d:/usr/embitz/1.11/share/em_armgcc/bin/../lib/gcc/arm-none-eabi/5.4.1/armv7-m\libgcc.a
LOAD d:/usr/embitz/1.11/share/em_armgcc/bin/../lib/gcc/arm-none-eabi/5.4.1/../../../../arm-none-eabi/lib/armv7-m\libg_n.a
LOAD d:/usr/embitz/1.11/share/em_armgcc/bin/../lib/gcc/arm-none-eabi/5.4.1/../../../../arm-none-eabi/lib/armv7-m\libc_n.a
END GROUP
START GROUP
LOAD d:/usr/embitz/1.11/share/em_armgcc/bin/../lib/gcc/arm-none-eabi/5.4.1/armv7-m\libgcc.a
LOAD d:/usr/embitz/1.11/share/em_armgcc/bin/../lib/gcc/arm-none-eabi/5.4.1/../../../../arm-none-eabi/lib/armv7-m\libc_n.a
LOAD d:/usr/embitz/1.11/share/em_armgcc/bin/../lib/gcc/arm-none-eabi/5.4.1/../../../../arm-none-eabi/lib/armv7-m\libnosys_s.a
END GROUP
LOAD d:/usr/embitz/1.11/share/em_armgcc/bin/../lib/gcc/arm-none-eabi/5.4.1/armv7-m/crtend.o
LOAD d:/usr/embitz/1.11/share/em_armgcc/bin/../lib/gcc/arm-none-eabi/5.4.1/armv7-m/crtn.o
OUTPUT(bin\Debug\test01.elf elf32-littlearm)

.ARM.attributes
                0x00000000       0x29
 .ARM.attributes
                0x00000000       0x1d d:/usr/embitz/1.11/share/em_armgcc/bin/../lib/gcc/arm-none-eabi/5.4.1/armv7-m/crti.o
 .ARM.attributes
                0x0000001d       0x2d d:/usr/embitz/1.11/share/em_armgcc/bin/../lib/gcc/arm-none-eabi/5.4.1/armv7-m/crtbegin.o
 .ARM.attributes
                0x0000004a       0x1b d:/usr/embitz/1.11/share/em_armgcc/bin/../lib/gcc/arm-none-eabi/5.4.1/../../../../arm-none-eabi/lib/armv7-m/crt0.o
 .ARM.attributes
                0x00000065       0x1b obj\debug\src\startup_stm32f10x_md.o
 .ARM.attributes
                0x00000080       0x33 obj\debug\src\system_stm32f10x.o
 .ARM.attributes
                0x000000b3       0x33 obj\debug\src\main.o
 .ARM.attributes
                0x000000e6       0x2d d:/usr/embitz/1.11/share/em_armgcc/bin/../lib/gcc/arm-none-eabi/5.4.1/../../../../arm-none-eabi/lib/armv7-m\libg_n.a(lib_a-exit.o)
 .ARM.attributes
                0x00000113       0x2d d:/usr/embitz/1.11/share/em_armgcc/bin/../lib/gcc/arm-none-eabi/5.4.1/../../../../arm-none-eabi/lib/armv7-m\libg_n.a(lib_a-impure.o)
 .ARM.attributes
                0x00000140       0x2d d:/usr/embitz/1.11/share/em_armgcc/bin/../lib/gcc/arm-none-eabi/5.4.1/../../../../arm-none-eabi/lib/armv7-m\libg_n.a(lib_a-init.o)
 .ARM.attributes
                0x0000016d       0x2d d:/usr/embitz/1.11/share/em_armgcc/bin/../lib/gcc/arm-none-eabi/5.4.1/../../../../arm-none-eabi/lib/armv7-m\libg_n.a(lib_a-memset.o)
 .ARM.attributes
                0x0000019a       0x2d d:/usr/embitz/1.11/share/em_armgcc/bin/../lib/gcc/arm-none-eabi/5.4.1/../../../../arm-none-eabi/lib/armv7-m\libnosys_s.a(_exit.o)
 .ARM.attributes
                0x000001c7       0x2d d:/usr/embitz/1.11/share/em_armgcc/bin/../lib/gcc/arm-none-eabi/5.4.1/armv7-m/crtend.o
 .ARM.attributes
                0x000001f4       0x1d d:/usr/embitz/1.11/share/em_armgcc/bin/../lib/gcc/arm-none-eabi/5.4.1/armv7-m/crtn.o

.comment        0x00000000       0x6e
 .comment       0x00000000       0x6e obj\debug\src\system_stm32f10x.o
                                 0x6f (size before relaxing)
 .comment       0x0000006e       0x6f obj\debug\src\main.o

.debug_line     0x00000000      0x4ac
 .debug_line    0x00000000       0xa8 obj\debug\src\startup_stm32f10x_md.o
 .debug_line    0x000000a8      0x2b2 obj\debug\src\system_stm32f10x.o
 .debug_line    0x0000035a      0x152 obj\debug\src\main.o

.debug_info     0x00000000      0x5f5
 .debug_info    0x00000000       0x5d obj\debug\src\startup_stm32f10x_md.o
 .debug_info    0x0000005d      0x4a4 obj\debug\src\system_stm32f10x.o
 .debug_info    0x00000501       0xf4 obj\debug\src\main.o

.debug_abbrev   0x00000000      0x1fe
 .debug_abbrev  0x00000000       0x14 obj\debug\src\startup_stm32f10x_md.o
 .debug_abbrev  0x00000014      0x153 obj\debug\src\system_stm32f10x.o
 .debug_abbrev  0x00000167       0x97 obj\debug\src\main.o

.debug_aranges  0x00000000       0xb0
 .debug_aranges
                0x00000000       0x20 obj\debug\src\startup_stm32f10x_md.o
 .debug_aranges
                0x00000020       0x38 obj\debug\src\system_stm32f10x.o
 .debug_aranges
                0x00000058       0x58 obj\debug\src\main.o

.debug_ranges   0x00000000       0x70
 .debug_ranges  0x00000000       0x28 obj\debug\src\system_stm32f10x.o
 .debug_ranges  0x00000028       0x48 obj\debug\src\main.o

.debug_macro    0x00000000     0x9b4f
 .debug_macro   0x00000000       0xab obj\debug\src\system_stm32f10x.o
 .debug_macro   0x000000ab      0x880 obj\debug\src\system_stm32f10x.o
 .debug_macro   0x0000092b       0x5d obj\debug\src\system_stm32f10x.o
 .debug_macro   0x00000988       0x3a obj\debug\src\system_stm32f10x.o
 .debug_macro   0x000009c2       0x22 obj\debug\src\system_stm32f10x.o
 .debug_macro   0x000009e4       0x87 obj\debug\src\system_stm32f10x.o
 .debug_macro   0x00000a6b       0x44 obj\debug\src\system_stm32f10x.o
 .debug_macro   0x00000aaf       0xfd obj\debug\src\system_stm32f10x.o
 .debug_macro   0x00000bac       0x5e obj\debug\src\system_stm32f10x.o
 .debug_macro   0x00000c0a      0x1df obj\debug\src\system_stm32f10x.o
 .debug_macro   0x00000de9       0x18 obj\debug\src\system_stm32f10x.o
 .debug_macro   0x00000e01      0xa36 obj\debug\src\system_stm32f10x.o
 .debug_macro   0x00001837     0x7ee4 obj\debug\src\system_stm32f10x.o
 .debug_macro   0x0000971b       0x28 obj\debug\src\main.o
 .debug_macro   0x00009743      0x40c obj\debug\src\main.o

.debug_str      0x00000000    0x341ee
 .debug_str     0x00000000    0x33267 obj\debug\src\system_stm32f10x.o
                              0x333e9 (size before relaxing)
 .debug_str     0x00033267      0xf87 obj\debug\src\main.o
                               0x342a (size before relaxing)

.debug_frame    0x00000000      0x248
 .debug_frame   0x00000000       0x98 obj\debug\src\system_stm32f10x.o
 .debug_frame   0x00000098      0x11c obj\debug\src\main.o
 .debug_frame   0x000001b4       0x28 d:/usr/embitz/1.11/share/em_armgcc/bin/../lib/gcc/arm-none-eabi/5.4.1/../../../../arm-none-eabi/lib/armv7-m\libg_n.a(lib_a-exit.o)
 .debug_frame   0x000001dc       0x2c d:/usr/embitz/1.11/share/em_armgcc/bin/../lib/gcc/arm-none-eabi/5.4.1/../../../../arm-none-eabi/lib/armv7-m\libg_n.a(lib_a-init.o)
 .debug_frame   0x00000208       0x20 d:/usr/embitz/1.11/share/em_armgcc/bin/../lib/gcc/arm-none-eabi/5.4.1/../../../../arm-none-eabi/lib/armv7-m\libg_n.a(lib_a-memset.o)
 .debug_frame   0x00000228       0x20 d:/usr/embitz/1.11/share/em_armgcc/bin/../lib/gcc/arm-none-eabi/5.4.1/../../../../arm-none-eabi/lib/armv7-m\libnosys_s.a(_exit.o)
